#
# There is insufficient memory for the Java Runtime Environment to continue.
# Native memory allocation (malloc) failed to allocate 4134080 bytes. Error detail: Chunk::new
# Possible reasons:
#   The system is out of physical RAM or swap space
#   This process is running with CompressedOops enabled, and the Java Heap may be blocking the growth of the native heap
# Possible solutions:
#   Reduce memory load on the system
#   Increase physical memory or swap space
#   Check if swap backing store is full
#   Decrease Java heap size (-Xmx/-Xms)
#   Decrease number of Java threads
#   Decrease Java thread stack sizes (-Xss)
#   Set larger code cache with -XX:ReservedCodeCacheSize=
#   JVM is running with Unscaled Compressed Oops mode in which the Java heap is
#     placed in the first 4GB address space. The Java Heap base address is the
#     maximum limit for the native heap growth. Please use -XX:HeapBaseMinAddress
#     to set the Java Heap base and to place the Java Heap above 4GB virtual address.
# This output file may be truncated or incomplete.
#
#  Out of Memory Error (arena.cpp:168), pid=6820, tid=11944
#
# JRE version: OpenJDK Runtime Environment Temurin-21.0.11+10 (21.0.11+10) (build 21.0.11+10-LTS)
# Java VM: OpenJDK 64-Bit Server VM Temurin-21.0.11+10 (21.0.11+10-LTS, mixed mode, sharing, tiered, compressed oops, compressed class ptrs, parallel gc, windows-amd64)
# No core dump will be written. Minidumps are not enabled by default on client versions of Windows
#

---------------  S U M M A R Y ------------

Command Line: --add-modules=ALL-SYSTEM --add-opens=java.base/java.util=ALL-UNNAMED --add-opens=java.base/java.lang=ALL-UNNAMED --add-opens=java.base/sun.nio.fs=ALL-UNNAMED -Declipse.application=org.eclipse.jdt.ls.core.id1 -Dosgi.bundles.defaultStartLevel=4 -Declipse.product=org.eclipse.jdt.ls.core.product -Djava.import.generatesMetadataFilesAtProjectRoot=false -DDetectVMInstallationsJob.disabled=true -Dfile.encoding=utf8 -XX:+UseParallelGC -XX:GCTimeRatio=4 -XX:AdaptiveSizePolicyWeight=90 -Dsun.zip.disableMemoryMapping=true -Xmx2G -Xms100m -Xlog:disable -javaagent:c:\Users\Admin\.vscode\extensions\redhat.java-1.54.0-win32-x64\lombok\lombok-1.18.39-4050.jar -XX:+HeapDumpOnOutOfMemoryError -XX:HeapDumpPath=c:\Users\Admin\AppData\Roaming\Code\User\workspaceStorage\89d3455fba0f2a929b94adba8e7c6a0e\redhat.java -Daether.dependencyCollector.impl=bf c:\Users\Admin\.vscode\extensions\redhat.java-1.54.0-win32-x64\server\plugins\org.eclipse.equinox.launcher_1.7.100.v20251111-0406.jar -configuration c:\Users\Admin\AppData\Roaming\Code\User\globalStorage\redhat.java\1.54.0\config_win -data c:\Users\Admin\AppData\Roaming\Code\User\workspaceStorage\89d3455fba0f2a929b94adba8e7c6a0e\redhat.java\jdt_ws --pipe=\\.\pipe\lsp-d4f0286833e3eed32b6851eaa320a50b-sock

Host: 13th Gen Intel(R) Core(TM) i9-13900H, 20 cores, 15G,  Windows 11 , 64 bit Build 22621 (10.0.22621.3371)
Time: Thu Jun 18 11:15:26 2026 Hora est. Pacífico, Sudamérica elapsed time: 12.808155 seconds (0d 0h 0m 12s)

---------------  T H R E A D  ---------------

Current thread (0x0000022e7c24fc20):  JavaThread "C2 CompilerThread2" daemon [_thread_in_native, id=11944, stack(0x000000e074000000,0x000000e074100000) (1024K)]


Current CompileTask:
C2:12808 13249       4       lombok.eclipse.handlers.EclipseHandlerUtil::setGeneratedBy (10 bytes)

Stack: [0x000000e074000000,0x000000e074100000]
Native frames: (J=compiled Java code, j=interpreted, Vv=VM code, C=native code)
V  [jvm.dll+0x6d7e19]
V  [jvm.dll+0x8b5096]
V  [jvm.dll+0x8b764e]
V  [jvm.dll+0x8b7d33]
V  [jvm.dll+0x284596]
V  [jvm.dll+0xc685d]
V  [jvm.dll+0xc6da1]
V  [jvm.dll+0x3bed6b]
V  [jvm.dll+0x1e3f42]
V  [jvm.dll+0x24c853]
V  [jvm.dll+0x24bce0]
V  [jvm.dll+0x1cb4ae]
V  [jvm.dll+0x25baad]
V  [jvm.dll+0x25a03a]
V  [jvm.dll+0x3f868e]
V  [jvm.dll+0x85fb0d]
V  [jvm.dll+0x6d664d]
C  [ucrtbase.dll+0x29333]
C  [KERNEL32.DLL+0x1257d]
C  [ntdll.dll+0x5aa48]


---------------  P R O C E S S  ---------------

Threads class SMR info:
_java_thread_list=0x0000022e7ea80700, length=129, elements={
0x0000022e57bf3b60, 0x0000022e57c94400, 0x0000022e57b9e660, 0x0000022e57c9a5b0,
0x0000022e57c9b210, 0x0000022e57c9c970, 0x0000022e57ca1270, 0x0000022e57ca8530,
0x0000022e57ca9230, 0x0000022e74feb3a0, 0x0000022e74feba50, 0x0000022e751388c0,
0x0000022e7b059050, 0x0000022e7b346400, 0x0000022e7b7449c0, 0x0000022e7b6d5390,
0x0000022e7b6d5fe0, 0x0000022e7c26cb90, 0x0000022e7c3d7aa0, 0x0000022e7c48c0a0,
0x0000022e7c24fc20, 0x0000022e7be462d0, 0x0000022e7ba07a40, 0x0000022e7b9cfa90,
0x0000022e7b9cd330, 0x0000022e7b9ce050, 0x0000022e7b9ced70, 0x0000022e7b9cf400,
0x0000022e7b9d07b0, 0x0000022e7b9ce6e0, 0x0000022e7e228200, 0x0000022e7e229c40,
0x0000022e7e22c3a0, 0x0000022e7e2295b0, 0x0000022e7e22ca30, 0x0000022e7e226e50,
0x0000022e7e22e470, 0x0000022e7e22aff0, 0x0000022e7e22d0c0, 0x0000022e7e22a960,
0x0000022e7e22b680, 0x0000022e7e22bd10, 0x0000022e7e2274e0, 0x0000022e7e228890,
0x0000022e7e22d750, 0x0000022e7e227b70, 0x0000022e7e228f20, 0x0000022e7e22a2d0,
0x0000022e7e22dde0, 0x0000022e7e626920, 0x0000022e7e624850, 0x0000022e7e62b150,
0x0000022e7e624ee0, 0x0000022e7e629710, 0x0000022e7e629080, 0x0000022e7e626fb0,
0x0000022e7e62b7e0, 0x0000022e7e627640, 0x0000022e7e626290, 0x0000022e7e625c00,
0x0000022e7e627cd0, 0x0000022e7e629da0, 0x0000022e7e6289f0, 0x0000022e7e628360,
0x0000022e7e62a430, 0x0000022e7e62aac0, 0x0000022e7f2845e0, 0x0000022e7f284c70,
0x0000022e7f283230, 0x0000022e7f282510, 0x0000022e7f282ba0, 0x0000022e7f285300,
0x0000022e7f2838c0, 0x0000022e7f286020, 0x0000022e7f285990, 0x0000022e7f286d40,
0x0000022e7f288780, 0x0000022e7f2873d0, 0x0000022e7f283f50, 0x0000022e7f287a60,
0x0000022e7f2866b0, 0x0000022e7f2880f0, 0x0000022e7f288e10, 0x0000022e7f281e80,
0x0000022e7f2894a0, 0x0000022e7f44d380, 0x0000022e7f44ccf0, 0x0000022e7f44bfd0,
0x0000022e7f450170, 0x0000022e7f44da10, 0x0000022e7f44e0a0, 0x0000022e7f44edc0,
0x0000022e7f44e730, 0x0000022e7f44f450, 0x0000022e7f44a590, 0x0000022e7f450800,
0x0000022e7f449870, 0x0000022e7f450e90, 0x0000022e7f449f00, 0x0000022e7f44b2b0,
0x0000022e7f44b940, 0x0000022e7f44c660, 0x0000022e7dbe69d0, 0x0000022e7dbe3550,
0x0000022e7dbe3be0, 0x0000022e7dbe4270, 0x0000022e7dbe2830, 0x0000022e7dbe21a0,
0x0000022e7dbe2ec0, 0x0000022e7dbe4900, 0x0000022e7dbe4f90, 0x0000022e7dbe5620,
0x0000022e7dbe5cb0, 0x0000022e7dbe6340, 0x0000022e7dbe7060, 0x0000022e7dbe0760,
0x0000022e7dbe00d0, 0x0000022e7dbe76f0, 0x0000022e7dbe1480, 0x0000022e7dbe1b10,
0x0000022e7f5e8960, 0x0000022e7f5e9680, 0x0000022e7f5e9d10, 0x0000022e7f5e82d0,
0x0000022e7f5e8ff0, 0x0000022e7f5ed190, 0x0000022e7f5ed820, 0x0000022e7f5eb0c0,
0x0000022e7f5eb750
}

Java Threads: ( => current thread )
  0x0000022e57bf3b60 JavaThread "main"                              [_thread_blocked, id=704, stack(0x000000e072e00000,0x000000e072f00000) (1024K)]
  0x0000022e57c94400 JavaThread "Reference Handler"          daemon [_thread_blocked, id=11824, stack(0x000000e073200000,0x000000e073300000) (1024K)]
  0x0000022e57b9e660 JavaThread "Finalizer"                  daemon [_thread_blocked, id=9548, stack(0x000000e073300000,0x000000e073400000) (1024K)]
  0x0000022e57c9a5b0 JavaThread "Signal Dispatcher"          daemon [_thread_blocked, id=15508, stack(0x000000e073400000,0x000000e073500000) (1024K)]
  0x0000022e57c9b210 JavaThread "Attach Listener"            daemon [_thread_blocked, id=20316, stack(0x000000e073500000,0x000000e073600000) (1024K)]
  0x0000022e57c9c970 JavaThread "Service Thread"             daemon [_thread_blocked, id=20052, stack(0x000000e073600000,0x000000e073700000) (1024K)]
  0x0000022e57ca1270 JavaThread "Monitor Deflation Thread"   daemon [_thread_blocked, id=7956, stack(0x000000e073700000,0x000000e073800000) (1024K)]
  0x0000022e57ca8530 JavaThread "C2 CompilerThread0"         daemon [_thread_blocked, id=20116, stack(0x000000e073800000,0x000000e073900000) (1024K)]
  0x0000022e57ca9230 JavaThread "C1 CompilerThread0"         daemon [_thread_blocked, id=20344, stack(0x000000e073900000,0x000000e073a00000) (1024K)]
  0x0000022e74feb3a0 JavaThread "C1 CompilerThread1"         daemon [_thread_blocked, id=11836, stack(0x000000e073a00000,0x000000e073b00000) (1024K)]
  0x0000022e74feba50 JavaThread "C1 CompilerThread2"         daemon [_thread_blocked, id=19336, stack(0x000000e073b00000,0x000000e073c00000) (1024K)]
  0x0000022e751388c0 JavaThread "Common-Cleaner"             daemon [_thread_blocked, id=7580, stack(0x000000e073e00000,0x000000e073f00000) (1024K)]
  0x0000022e7b059050 JavaThread "Notification Thread"        daemon [_thread_blocked, id=324, stack(0x000000e073f00000,0x000000e074000000) (1024K)]
  0x0000022e7b346400 JavaThread "Active Thread: Equinox Container: a550d42b-b739-49ad-b208-97262c40cdd1"        [_thread_blocked, id=17476, stack(0x000000e074900000,0x000000e074a00000) (1024K)]
  0x0000022e7b7449c0 JavaThread "Refresh Thread: Equinox Container: a550d42b-b739-49ad-b208-97262c40cdd1" daemon [_thread_blocked, id=5340, stack(0x000000e074b00000,0x000000e074c00000) (1024K)]
  0x0000022e7b6d5390 JavaThread "Framework Event Dispatcher: Equinox Container: a550d42b-b739-49ad-b208-97262c40cdd1" daemon [_thread_blocked, id=8820, stack(0x000000e074c00000,0x000000e074d00000) (1024K)]
  0x0000022e7b6d5fe0 JavaThread "Start Level: Equinox Container: a550d42b-b739-49ad-b208-97262c40cdd1" daemon [_thread_blocked, id=13140, stack(0x000000e074d00000,0x000000e074e00000) (1024K)]
  0x0000022e7c26cb90 JavaThread "Bundle File Closer"         daemon [_thread_blocked, id=16780, stack(0x000000e075100000,0x000000e075200000) (1024K)]
  0x0000022e7c3d7aa0 JavaThread "SCR Component Actor"        daemon [_thread_blocked, id=9600, stack(0x000000e073c00000,0x000000e073d00000) (1024K)]
  0x0000022e7c48c0a0 JavaThread "C2 CompilerThread1"         daemon [_thread_blocked, id=15468, stack(0x000000e073d00000,0x000000e073e00000) (1024K)]
=>0x0000022e7c24fc20 JavaThread "C2 CompilerThread2"         daemon [_thread_in_native, id=11944, stack(0x000000e074000000,0x000000e074100000) (1024K)]
  0x0000022e7be462d0 JavaThread "Worker-JM"                         [_thread_blocked, id=12708, stack(0x000000e074700000,0x000000e074800000) (1024K)]
  0x0000022e7ba07a40 JavaThread "C1 CompilerThread3"         daemon [_thread_blocked, id=2780, stack(0x000000e075400000,0x000000e075500000) (1024K)]
  0x0000022e7b9cfa90 JavaThread "JNA Cleaner"                daemon [_thread_blocked, id=18936, stack(0x000000e075500000,0x000000e075600000) (1024K)]
  0x0000022e7b9cd330 JavaThread "Worker-0"                          [_thread_blocked, id=15456, stack(0x000000e075600000,0x000000e075700000) (1024K)]
  0x0000022e7b9ce050 JavaThread "Worker-1"                          [_thread_blocked, id=13084, stack(0x000000e075700000,0x000000e075800000) (1024K)]
  0x0000022e7b9ced70 JavaThread "Worker-2"                          [_thread_blocked, id=20440, stack(0x000000e075900000,0x000000e075a00000) (1024K)]
  0x0000022e7b9cf400 JavaThread "Java indexing"              daemon [_thread_blocked, id=8976, stack(0x000000e075a00000,0x000000e075b00000) (1024K)]
  0x0000022e7b9d07b0 JavaThread "Worker-3"                          [_thread_blocked, id=12136, stack(0x000000e075b00000,0x000000e075c00000) (1024K)]
  0x0000022e7b9ce6e0 JavaThread "Worker-4"                          [_thread_blocked, id=1848, stack(0x000000e075e00000,0x000000e075f00000) (1024K)]
  0x0000022e7e228200 JavaThread "Thread-1"                   daemon [_thread_in_native, id=19232, stack(0x000000e075f00000,0x000000e076000000) (1024K)]
  0x0000022e7e229c40 JavaThread "Thread-2"                   daemon [_thread_in_native, id=18964, stack(0x000000e076000000,0x000000e076100000) (1024K)]
  0x0000022e7e22c3a0 JavaThread "Thread-3"                   daemon [_thread_in_native, id=12276, stack(0x000000e076100000,0x000000e076200000) (1024K)]
  0x0000022e7e2295b0 JavaThread "Thread-4"                   daemon [_thread_in_native, id=7324, stack(0x000000e076200000,0x000000e076300000) (1024K)]
  0x0000022e7e22ca30 JavaThread "Thread-5"                   daemon [_thread_in_native, id=18472, stack(0x000000e076300000,0x000000e076400000) (1024K)]
  0x0000022e7e226e50 JavaThread "Thread-6"                   daemon [_thread_in_native, id=17292, stack(0x000000e076400000,0x000000e076500000) (1024K)]
  0x0000022e7e22e470 JavaThread "Thread-7"                   daemon [_thread_in_native, id=6188, stack(0x000000e076500000,0x000000e076600000) (1024K)]
  0x0000022e7e22aff0 JavaThread "Thread-8"                   daemon [_thread_in_native, id=18848, stack(0x000000e076600000,0x000000e076700000) (1024K)]
  0x0000022e7e22d0c0 JavaThread "Thread-9"                   daemon [_thread_in_native, id=11752, stack(0x000000e076700000,0x000000e076800000) (1024K)]
  0x0000022e7e22a960 JavaThread "Thread-10"                  daemon [_thread_in_native, id=4796, stack(0x000000e076800000,0x000000e076900000) (1024K)]
  0x0000022e7e22b680 JavaThread "Thread-11"                  daemon [_thread_in_native, id=18028, stack(0x000000e076900000,0x000000e076a00000) (1024K)]
  0x0000022e7e22bd10 JavaThread "Thread-12"                  daemon [_thread_in_native, id=11296, stack(0x000000e076a00000,0x000000e076b00000) (1024K)]
  0x0000022e7e2274e0 JavaThread "Thread-13"                  daemon [_thread_in_native, id=13272, stack(0x000000e076b00000,0x000000e076c00000) (1024K)]
  0x0000022e7e228890 JavaThread "Thread-14"                  daemon [_thread_in_native, id=5204, stack(0x000000e076c00000,0x000000e076d00000) (1024K)]
  0x0000022e7e22d750 JavaThread "Thread-15"                  daemon [_thread_in_native, id=15840, stack(0x000000e076d00000,0x000000e076e00000) (1024K)]
  0x0000022e7e227b70 JavaThread "Thread-16"                  daemon [_thread_in_native, id=18580, stack(0x000000e076e00000,0x000000e076f00000) (1024K)]
  0x0000022e7e228f20 JavaThread "Thread-17"                  daemon [_thread_in_native, id=16404, stack(0x000000e076f00000,0x000000e077000000) (1024K)]
  0x0000022e7e22a2d0 JavaThread "Thread-18"                  daemon [_thread_in_native, id=18808, stack(0x000000e077000000,0x000000e077100000) (1024K)]
  0x0000022e7e22dde0 JavaThread "Thread-19"                  daemon [_thread_in_native, id=20024, stack(0x000000e077100000,0x000000e077200000) (1024K)]
  0x0000022e7e626920 JavaThread "Thread-20"                  daemon [_thread_in_native, id=8616, stack(0x000000e077200000,0x000000e077300000) (1024K)]
  0x0000022e7e624850 JavaThread "Thread-21"                  daemon [_thread_in_native, id=18972, stack(0x000000e077300000,0x000000e077400000) (1024K)]
  0x0000022e7e62b150 JavaThread "pool-2-thread-1"                   [_thread_blocked, id=3260, stack(0x000000e077400000,0x000000e077500000) (1024K)]
  0x0000022e7e624ee0 JavaThread "WorkspaceEventsHandler"            [_thread_blocked, id=20104, stack(0x000000e077500000,0x000000e077600000) (1024K)]
  0x0000022e7e629710 JavaThread "pool-1-thread-1"                   [_thread_blocked, id=9552, stack(0x000000e077600000,0x000000e077700000) (1024K)]
  0x0000022e7e629080 JavaThread "LocalFile Deleter"          daemon [_thread_blocked, id=2384, stack(0x000000e077700000,0x000000e077800000) (1024K)]
  0x0000022e7e626fb0 JavaThread "LocalFile Deleter"          daemon [_thread_blocked, id=20468, stack(0x000000e077800000,0x000000e077900000) (1024K)]
  0x0000022e7e62b7e0 JavaThread "LocalFile Deleter"          daemon [_thread_blocked, id=16472, stack(0x000000e077900000,0x000000e077a00000) (1024K)]
  0x0000022e7e627640 JavaThread "LocalFile Deleter"          daemon [_thread_blocked, id=4132, stack(0x000000e077a00000,0x000000e077b00000) (1024K)]
  0x0000022e7e626290 JavaThread "LocalFile Deleter"          daemon [_thread_blocked, id=9728, stack(0x000000e077b00000,0x000000e077c00000) (1024K)]
  0x0000022e7e625c00 JavaThread "LocalFile Deleter"          daemon [_thread_blocked, id=15868, stack(0x000000e077c00000,0x000000e077d00000) (1024K)]
  0x0000022e7e627cd0 JavaThread "LocalFile Deleter"          daemon [_thread_blocked, id=2184, stack(0x000000e077d00000,0x000000e077e00000) (1024K)]
  0x0000022e7e629da0 JavaThread "LocalFile Deleter"          daemon [_thread_blocked, id=11488, stack(0x000000e077e00000,0x000000e077f00000) (1024K)]
  0x0000022e7e6289f0 JavaThread "LocalFile Deleter"          daemon [_thread_blocked, id=8692, stack(0x000000e077f00000,0x000000e078000000) (1024K)]
  0x0000022e7e628360 JavaThread "LocalFile Deleter"          daemon [_thread_blocked, id=4996, stack(0x000000e078000000,0x000000e078100000) (1024K)]
  0x0000022e7e62a430 JavaThread "LocalFile Deleter"          daemon [_thread_blocked, id=5304, stack(0x000000e078100000,0x000000e078200000) (1024K)]
  0x0000022e7e62aac0 JavaThread "LocalFile Deleter"          daemon [_thread_blocked, id=1272, stack(0x000000e078200000,0x000000e078300000) (1024K)]
  0x0000022e7f2845e0 JavaThread "LocalFile Deleter"          daemon [_thread_blocked, id=9696, stack(0x000000e078300000,0x000000e078400000) (1024K)]
  0x0000022e7f284c70 JavaThread "LocalFile Deleter"          daemon [_thread_blocked, id=8776, stack(0x000000e078400000,0x000000e078500000) (1024K)]
  0x0000022e7f283230 JavaThread "LocalFile Deleter"          daemon [_thread_blocked, id=2668, stack(0x000000e078500000,0x000000e078600000) (1024K)]
  0x0000022e7f282510 JavaThread "LocalFile Deleter"          daemon [_thread_blocked, id=8288, stack(0x000000e078600000,0x000000e078700000) (1024K)]
  0x0000022e7f282ba0 JavaThread "LocalFile Deleter"          daemon [_thread_blocked, id=11812, stack(0x000000e078700000,0x000000e078800000) (1024K)]
  0x0000022e7f285300 JavaThread "LocalFile Deleter"          daemon [_thread_blocked, id=17816, stack(0x000000e078800000,0x000000e078900000) (1024K)]
  0x0000022e7f2838c0 JavaThread "LocalFile Deleter"          daemon [_thread_blocked, id=19224, stack(0x000000e078900000,0x000000e078a00000) (1024K)]
  0x0000022e7f286020 JavaThread "LocalFile Deleter"          daemon [_thread_blocked, id=13452, stack(0x000000e078a00000,0x000000e078b00000) (1024K)]
  0x0000022e7f285990 JavaThread "Compiler Source File Reader" daemon [_thread_blocked, id=13456, stack(0x000000e078b00000,0x000000e078c00000) (1024K)]
  0x0000022e7f286d40 JavaThread "Compiler Source File Reader" daemon [_thread_blocked, id=1640, stack(0x000000e078c00000,0x000000e078d00000) (1024K)]
  0x0000022e7f288780 JavaThread "Compiler Source File Reader" daemon [_thread_blocked, id=6728, stack(0x000000e078d00000,0x000000e078e00000) (1024K)]
  0x0000022e7f2873d0 JavaThread "Compiler Source File Reader" daemon [_thread_blocked, id=14320, stack(0x000000e078e00000,0x000000e078f00000) (1024K)]
  0x0000022e7f283f50 JavaThread "Compiler Source File Reader" daemon [_thread_blocked, id=2876, stack(0x000000e078f00000,0x000000e079000000) (1024K)]
  0x0000022e7f287a60 JavaThread "Compiler Source File Reader" daemon [_thread_blocked, id=19448, stack(0x000000e079000000,0x000000e079100000) (1024K)]
  0x0000022e7f2866b0 JavaThread "Compiler Source File Reader" daemon [_thread_blocked, id=9164, stack(0x000000e079100000,0x000000e079200000) (1024K)]
  0x0000022e7f2880f0 JavaThread "Compiler Source File Reader" daemon [_thread_blocked, id=19772, stack(0x000000e079200000,0x000000e079300000) (1024K)]
  0x0000022e7f288e10 JavaThread "Compiler Source File Reader" daemon [_thread_blocked, id=4344, stack(0x000000e079300000,0x000000e079400000) (1024K)]
  0x0000022e7f281e80 JavaThread "Compiler Source File Reader" daemon [_thread_blocked, id=18200, stack(0x000000e079400000,0x000000e079500000) (1024K)]
  0x0000022e7f2894a0 JavaThread "Compiler Source File Reader" daemon [_thread_blocked, id=19724, stack(0x000000e079500000,0x000000e079600000) (1024K)]
  0x0000022e7f44d380 JavaThread "Compiler Source File Reader" daemon [_thread_blocked, id=7760, stack(0x000000e079600000,0x000000e079700000) (1024K)]
  0x0000022e7f44ccf0 JavaThread "Compiler Source File Reader" daemon [_thread_blocked, id=2448, stack(0x000000e079700000,0x000000e079800000) (1024K)]
  0x0000022e7f44bfd0 JavaThread "Compiler Source File Reader" daemon [_thread_blocked, id=19716, stack(0x000000e079800000,0x000000e079900000) (1024K)]
  0x0000022e7f450170 JavaThread "Compiler Source File Reader" daemon [_thread_blocked, id=8812, stack(0x000000e079900000,0x000000e079a00000) (1024K)]
  0x0000022e7f44da10 JavaThread "ForkJoinPool.commonPool-worker-1" daemon [_thread_blocked, id=10028, stack(0x000000e079a00000,0x000000e079b00000) (1024K)]
  0x0000022e7f44e0a0 JavaThread "Compiler Processing Task"   daemon [_thread_blocked, id=18492, stack(0x000000e079b00000,0x000000e079c00000) (1024K)]
  0x0000022e7f44edc0 JavaThread "Compiler Class File Writer" daemon [_thread_blocked, id=16856, stack(0x000000e079c00000,0x000000e079d00000) (1024K)]
  0x0000022e7f44e730 JavaThread "Compiler Class File Writer" daemon [_thread_blocked, id=9956, stack(0x000000e079d00000,0x000000e079e00000) (1024K)]
  0x0000022e7f44f450 JavaThread "Compiler Class File Writer" daemon [_thread_blocked, id=4772, stack(0x000000e079e00000,0x000000e079f00000) (1024K)]
  0x0000022e7f44a590 JavaThread "Compiler Class File Writer" daemon [_thread_blocked, id=9436, stack(0x000000e079f00000,0x000000e07a000000) (1024K)]
  0x0000022e7f450800 JavaThread "Compiler Class File Writer" daemon [_thread_blocked, id=9680, stack(0x000000e07a000000,0x000000e07a100000) (1024K)]
  0x0000022e7f449870 JavaThread "Compiler Class File Writer" daemon [_thread_blocked, id=17588, stack(0x000000e07a100000,0x000000e07a200000) (1024K)]
  0x0000022e7f450e90 JavaThread "Compiler Class File Writer" daemon [_thread_blocked, id=16132, stack(0x000000e07a200000,0x000000e07a300000) (1024K)]
  0x0000022e7f449f00 JavaThread "Compiler Class File Writer" daemon [_thread_blocked, id=17924, stack(0x000000e07a300000,0x000000e07a400000) (1024K)]
  0x0000022e7f44b2b0 JavaThread "Compiler Class File Writer" daemon [_thread_blocked, id=18760, stack(0x000000e07a400000,0x000000e07a500000) (1024K)]
  0x0000022e7f44b940 JavaThread "Compiler Class File Writer" daemon [_thread_blocked, id=296, stack(0x000000e07a500000,0x000000e07a600000) (1024K)]
  0x0000022e7f44c660 JavaThread "Compiler Class File Writer" daemon [_thread_blocked, id=9304, stack(0x000000e07a600000,0x000000e07a700000) (1024K)]
  0x0000022e7dbe69d0 JavaThread "Compiler Class File Writer" daemon [_thread_blocked, id=13584, stack(0x000000e07a700000,0x000000e07a800000) (1024K)]
  0x0000022e7dbe3550 JavaThread "Compiler Class File Writer" daemon [_thread_blocked, id=5888, stack(0x000000e07a800000,0x000000e07a900000) (1024K)]
  0x0000022e7dbe3be0 JavaThread "Compiler Class File Writer" daemon [_thread_blocked, id=6200, stack(0x000000e07a900000,0x000000e07aa00000) (1024K)]
  0x0000022e7dbe4270 JavaThread "Compiler Class File Writer" daemon [_thread_blocked, id=18572, stack(0x000000e07aa00000,0x000000e07ab00000) (1024K)]
  0x0000022e7dbe2830 JavaThread "Compiler Class File Writer" daemon [_thread_blocked, id=7512, stack(0x000000e07ab00000,0x000000e07ac00000) (1024K)]
  0x0000022e7dbe21a0 JavaThread "Compiler Class File Writer" daemon [_thread_blocked, id=12284, stack(0x000000e07ac00000,0x000000e07ad00000) (1024K)]
  0x0000022e7dbe2ec0 JavaThread "Compiler Class File Writer" daemon [_thread_blocked, id=15692, stack(0x000000e07ad00000,0x000000e07ae00000) (1024K)]
  0x0000022e7dbe4900 JavaThread "ForkJoinPool.commonPool-worker-2" daemon [_thread_blocked, id=13348, stack(0x000000e07ae00000,0x000000e07af00000) (1024K)]
  0x0000022e7dbe4f90 JavaThread "ForkJoinPool.commonPool-worker-3" daemon [_thread_blocked, id=13352, stack(0x000000e07af00000,0x000000e07b000000) (1024K)]
  0x0000022e7dbe5620 JavaThread "ForkJoinPool.commonPool-worker-4" daemon [_thread_blocked, id=3968, stack(0x000000e07b000000,0x000000e07b100000) (1024K)]
  0x0000022e7dbe5cb0 JavaThread "ForkJoinPool.commonPool-worker-5" daemon [_thread_blocked, id=16736, stack(0x000000e07b100000,0x000000e07b200000) (1024K)]
  0x0000022e7dbe6340 JavaThread "ForkJoinPool.commonPool-worker-6" daemon [_thread_blocked, id=9720, stack(0x000000e07b200000,0x000000e07b300000) (1024K)]
  0x0000022e7dbe7060 JavaThread "ForkJoinPool.commonPool-worker-7" daemon [_thread_blocked, id=19816, stack(0x000000e07b300000,0x000000e07b400000) (1024K)]
  0x0000022e7dbe0760 JavaThread "ForkJoinPool.commonPool-worker-8" daemon [_thread_blocked, id=8652, stack(0x000000e07b400000,0x000000e07b500000) (1024K)]
  0x0000022e7dbe00d0 JavaThread "ForkJoinPool.commonPool-worker-9" daemon [_thread_blocked, id=11280, stack(0x000000e07b500000,0x000000e07b600000) (1024K)]
  0x0000022e7dbe76f0 JavaThread "ForkJoinPool.commonPool-worker-10" daemon [_thread_blocked, id=19436, stack(0x000000e07b600000,0x000000e07b700000) (1024K)]
  0x0000022e7dbe1480 JavaThread "ForkJoinPool.commonPool-worker-11" daemon [_thread_blocked, id=18924, stack(0x000000e07b700000,0x000000e07b800000) (1024K)]
  0x0000022e7dbe1b10 JavaThread "ForkJoinPool.commonPool-worker-12" daemon [_thread_blocked, id=17556, stack(0x000000e07b800000,0x000000e07b900000) (1024K)]
  0x0000022e7f5e8960 JavaThread "ForkJoinPool.commonPool-worker-13" daemon [_thread_blocked, id=1948, stack(0x000000e07b900000,0x000000e07ba00000) (1024K)]
  0x0000022e7f5e9680 JavaThread "ForkJoinPool.commonPool-worker-14" daemon [_thread_blocked, id=14216, stack(0x000000e07ba00000,0x000000e07bb00000) (1024K)]
  0x0000022e7f5e9d10 JavaThread "ForkJoinPool.commonPool-worker-15" daemon [_thread_blocked, id=6168, stack(0x000000e07bb00000,0x000000e07bc00000) (1024K)]
  0x0000022e7f5e82d0 JavaThread "ForkJoinPool.commonPool-worker-16" daemon [_thread_blocked, id=11972, stack(0x000000e07bc00000,0x000000e07bd00000) (1024K)]
  0x0000022e7f5e8ff0 JavaThread "ForkJoinPool.commonPool-worker-17" daemon [_thread_blocked, id=17532, stack(0x000000e07bd00000,0x000000e07be00000) (1024K)]
  0x0000022e7f5ed190 JavaThread "ForkJoinPool.commonPool-worker-18" daemon [_thread_blocked, id=5380, stack(0x000000e07be00000,0x000000e07bf00000) (1024K)]
  0x0000022e7f5ed820 JavaThread "ForkJoinPool.commonPool-worker-19" daemon [_thread_blocked, id=4360, stack(0x000000e07bf00000,0x000000e07c000000) (1024K)]
  0x0000022e7f5eb0c0 JavaThread "Cleaner-0"                  daemon [_thread_blocked, id=18884, stack(0x000000e07c000000,0x000000e07c100000) (1024K)]
  0x0000022e7f5eb750 JavaThread "Worker-5"                          [_thread_blocked, id=19432, stack(0x000000e07c100000,0x000000e07c200000) (1024K)]
Total: 129

Other Threads:
  0x0000022e57c8fa60 VMThread "VM Thread"                           [id=19868, stack(0x000000e073100000,0x000000e073200000) (1024K)]
  0x0000022e57a7ca00 WatcherThread "VM Periodic Task Thread"        [id=18328, stack(0x000000e073000000,0x000000e073100000) (1024K)]
  0x0000022e57c11bb0 WorkerThread "GC Thread#0"                     [id=2348, stack(0x000000e072f00000,0x000000e073000000) (1024K)]
  0x0000022e7bb63b50 WorkerThread "GC Thread#1"                     [id=12960, stack(0x000000e074100000,0x000000e074200000) (1024K)]
  0x0000022e7b0b2b60 WorkerThread "GC Thread#2"                     [id=16464, stack(0x000000e074200000,0x000000e074300000) (1024K)]
  0x0000022e7b0b2f10 WorkerThread "GC Thread#3"                     [id=19552, stack(0x000000e074300000,0x000000e074400000) (1024K)]
  0x0000022e7b7d1250 WorkerThread "GC Thread#4"                     [id=18920, stack(0x000000e074400000,0x000000e074500000) (1024K)]
  0x0000022e7b7d1a10 WorkerThread "GC Thread#5"                     [id=2804, stack(0x000000e074500000,0x000000e074600000) (1024K)]
  0x0000022e7b208b30 WorkerThread "GC Thread#6"                     [id=2592, stack(0x000000e074600000,0x000000e074700000) (1024K)]
  0x0000022e7b2078c0 WorkerThread "GC Thread#7"                     [id=19400, stack(0x000000e074a00000,0x000000e074b00000) (1024K)]
  0x0000022e7b208ee0 WorkerThread "GC Thread#8"                     [id=19748, stack(0x000000e074e00000,0x000000e074f00000) (1024K)]
  0x0000022e7b207c70 WorkerThread "GC Thread#9"                     [id=20456, stack(0x000000e074f00000,0x000000e075000000) (1024K)]
  0x0000022e7b208020 WorkerThread "GC Thread#10"                    [id=10408, stack(0x000000e075000000,0x000000e075100000) (1024K)]
  0x0000022e7c3dc470 WorkerThread "GC Thread#11"                    [id=17636, stack(0x000000e074800000,0x000000e074900000) (1024K)]
  0x0000022e7c3de1f0 WorkerThread "GC Thread#12"                    [id=19116, stack(0x000000e075200000,0x000000e075300000) (1024K)]
  0x0000022e7c3dc0c0 WorkerThread "GC Thread#13"                    [id=19292, stack(0x000000e075300000,0x000000e075400000) (1024K)]
  0x0000022e7c3dcf80 WorkerThread "GC Thread#14"                    [id=14148, stack(0x000000e075800000,0x000000e075900000) (1024K)]
Total: 17

Threads with active compile tasks:
C2 CompilerThread2  12842 13249       4       lombok.eclipse.handlers.EclipseHandlerUtil::setGeneratedBy (10 bytes)
Total: 1

VM state: not at safepoint (normal execution)

VM Mutex/Monitor currently owned by a thread: None

Heap address: 0x0000000080000000, size: 2048 MB, Compressed Oops mode: 32-bit

CDS archive(s) mapped at: [0x0000022e00000000-0x0000022e00c80000-0x0000022e00c80000), size 13107200, SharedBaseAddress: 0x0000022e00000000, ArchiveRelocationMode: 1.
Compressed class space mapped at: 0x0000022e01000000-0x0000022e41000000, reserved size: 1073741824
Narrow klass base: 0x0000022e00000000, Narrow klass shift: 0, Narrow klass range: 0x100000000

GC Precious Log:
 CardTable entry size: 512
 CPUs: 20 total, 20 available
 Memory: 16048M
 Large Page Support: Disabled
 NUMA Support: Disabled
 Compressed Oops: Enabled (32-bit)
 Alignments: Space 512K, Generation 512K, Heap 2M
 Heap Min Capacity: 100M
 Heap Initial Capacity: 100M
 Heap Max Capacity: 2G
 Pre-touch: Disabled
 Parallel Workers: 15

Heap:
 PSYoungGen      total 7168K, used 3722K [0x00000000d5580000, 0x00000000d5e80000, 0x0000000100000000)
  eden space 5632K, 47% used [0x00000000d5580000,0x00000000d5819660,0x00000000d5b00000)
  from space 1536K, 69% used [0x00000000d5d00000,0x00000000d5e09210,0x00000000d5e80000)
  to   space 1536K, 0% used [0x00000000d5b80000,0x00000000d5b80000,0x00000000d5d00000)
 ParOldGen       total 99328K, used 99227K [0x0000000080000000, 0x0000000086100000, 0x00000000d5580000)
  object space 99328K, 99% used [0x0000000080000000,0x00000000860e6d18,0x0000000086100000)
 Metaspace       used 73821K, committed 75456K, reserved 1179648K
  class space    used 7551K, committed 8256K, reserved 1048576K

Card table byte_map: [0x0000022e57590000,0x0000022e579a0000] _byte_map_base: 0x0000022e57190000

Marking Bits: (ParMarkBitMap*) 0x00007ffa8d354460
 Begin Bits: [0x0000022e6f5c0000, 0x0000022e715c0000)
 End Bits:   [0x0000022e715c0000, 0x0000022e735c0000)

Polling page: 0x0000022e55960000

Metaspace:

Usage:
  Non-class:     64.72 MB used.
      Class:      7.37 MB used.
       Both:     72.09 MB used.

Virtual space:
  Non-class space:      128.00 MB reserved,      65.62 MB ( 51%) committed,  2 nodes.
      Class space:        1.00 GB reserved,       8.06 MB ( <1%) committed,  1 nodes.
             Both:        1.12 GB reserved,      73.69 MB (  6%) committed. 

Chunk freelists:
   Non-Class:  14.22 MB
       Class:  7.97 MB
        Both:  22.19 MB

MaxMetaspaceSize: unlimited
CompressedClassSpaceSize: 1.00 GB
Initial GC threshold: 21.00 MB
Current GC threshold: 98.12 MB
CDS: on
 - commit_granule_bytes: 65536.
 - commit_granule_words: 8192.
 - virtual_space_node_default_size: 8388608.
 - enlarge_chunks_in_place: 1.
 - use_allocation_guard: 0.


Internal statistics:

num_allocs_failed_limit: 17.
num_arena_births: 1380.
num_arena_deaths: 16.
num_vsnodes_births: 3.
num_vsnodes_deaths: 0.
num_space_committed: 1179.
num_space_uncommitted: 0.
num_chunks_returned_to_freelist: 34.
num_chunks_taken_from_freelist: 5102.
num_chunk_merges: 23.
num_chunk_splits: 3019.
num_chunks_enlarged: 1515.
num_inconsistent_stats: 0.

CodeHeap 'non-profiled nmethods': size=119168Kb used=8000Kb max_used=8000Kb free=111167Kb
 bounds [0x0000022e67eb0000, 0x0000022e68690000, 0x0000022e6f310000]
CodeHeap 'profiled nmethods': size=119104Kb used=32045Kb max_used=32045Kb free=87058Kb
 bounds [0x0000022e60310000, 0x0000022e62260000, 0x0000022e67760000]
CodeHeap 'non-nmethods': size=7488Kb used=3159Kb max_used=3264Kb free=4328Kb
 bounds [0x0000022e67760000, 0x0000022e67ae0000, 0x0000022e67eb0000]
CodeCache: size=245760Kb, used=43204Kb, max_used=43309Kb, free=202553Kb
 total_blobs=14106, nmethods=13313, adapters=695, full_count=0
Compilation: enabled, stopped_count=0, restarted_count=0

Compilation events (20 events):
Event: 12.636 Thread 0x0000022e57ca8530 nmethod 13885 0x0000022e68659410 code [0x0000022e686595a0, 0x0000022e68659628]
Event: 12.636 Thread 0x0000022e57ca8530 13904       4       org.eclipse.jdt.internal.compiler.env.ITypeAnnotationWalker$1::toWildcardBound (2 bytes)
Event: 12.637 Thread 0x0000022e57ca8530 nmethod 13904 0x0000022e68659710 code [0x0000022e686598a0, 0x0000022e68659928]
Event: 12.637 Thread 0x0000022e57ca8530 13376       4       java.util.concurrent.atomic.AtomicInteger::decrementAndGet (14 bytes)
Event: 12.637 Thread 0x0000022e57ca8530 nmethod 13376 0x0000022e68659a10 code [0x0000022e68659ba0, 0x0000022e68659c38]
Event: 12.637 Thread 0x0000022e57ca8530 12735       4       org.eclipse.jdt.internal.core.util.Util::combineHashCodes (7 bytes)
Event: 12.638 Thread 0x0000022e57ca8530 nmethod 12735 0x0000022e68659d10 code [0x0000022e68659e80, 0x0000022e68659ef8]
Event: 12.638 Thread 0x0000022e57ca8530 12884       4       org.eclipse.jdt.internal.compiler.parser.Parser::tAction (35 bytes)
Event: 12.639 Thread 0x0000022e57ca8530 nmethod 12884 0x0000022e6865a010 code [0x0000022e6865a1a0, 0x0000022e6865a308]
Event: 12.639 Thread 0x0000022e57ca8530 14046       4       lombok.core.AST::setAndGetAsHandled (18 bytes)
Event: 12.644 Thread 0x0000022e57ca8530 nmethod 14046 0x0000022e6865a490 code [0x0000022e6865a680, 0x0000022e6865ab40]
Event: 12.645 Thread 0x0000022e57ca8530 12666       4       org.eclipse.jdt.internal.compiler.impl.IrritantSet::clear (22 bytes)
Event: 12.645 Thread 0x0000022e57ca8530 nmethod 12666 0x0000022e6865af10 code [0x0000022e6865b0a0, 0x0000022e6865b188]
Event: 12.645 Thread 0x0000022e57ca8530 13105       4       org.eclipse.jdt.internal.compiler.util.ObjectVector::elementAt (7 bytes)
Event: 12.646 Thread 0x0000022e57ca8530 nmethod 13105 0x0000022e6865b290 code [0x0000022e6865b420, 0x0000022e6865b4f0]
Event: 12.646 Thread 0x0000022e57ca8530 13996       4       org.eclipse.jdt.internal.compiler.env.ITypeAnnotationWalker$1::toThrows (2 bytes)
Event: 12.646 Thread 0x0000022e57ca8530 nmethod 13996 0x0000022e6865b590 code [0x0000022e6865b720, 0x0000022e6865b7a8]
Event: 12.646 Thread 0x0000022e57ca8530 12889       4       java.lang.reflect.Field::getOverrideFieldAccessor (18 bytes)
Event: 12.646 Thread 0x0000022e57ca8530 nmethod 12889 0x0000022e6865b890 code [0x0000022e6865ba20, 0x0000022e6865bae0]
Event: 12.695 Thread 0x0000022e7c48c0a0 nmethod 13238 0x0000022e6865bb90 code [0x0000022e6865db20, 0x0000022e686733b8]

GC Heap History (20 events):
Event: 11.899 GC heap before
{Heap before GC invocations=88 (full 3):
 PSYoungGen      total 7680K, used 7296K [0x00000000d5580000, 0x00000000d5e80000, 0x0000000100000000)
  eden space 6656K, 100% used [0x00000000d5580000,0x00000000d5c00000,0x00000000d5c00000)
  from space 1024K, 62% used [0x00000000d5d80000,0x00000000d5e20020,0x00000000d5e80000)
  to   space 1024K, 0% used [0x00000000d5c80000,0x00000000d5c80000,0x00000000d5d80000)
 ParOldGen       total 90624K, used 90384K [0x0000000080000000, 0x0000000085880000, 0x00000000d5580000)
  object space 90624K, 99% used [0x0000000080000000,0x0000000085844270,0x0000000085880000)
 Metaspace       used 73361K, committed 74944K, reserved 1179648K
  class space    used 7532K, committed 8256K, reserved 1048576K
}
Event: 11.900 GC heap after
{Heap after GC invocations=88 (full 3):
 PSYoungGen      total 7680K, used 1013K [0x00000000d5580000, 0x00000000d5f00000, 0x0000000100000000)
  eden space 6656K, 0% used [0x00000000d5580000,0x00000000d5580000,0x00000000d5c00000)
  from space 1024K, 98% used [0x00000000d5c80000,0x00000000d5d7d6a8,0x00000000d5d80000)
  to   space 1536K, 0% used [0x00000000d5d80000,0x00000000d5d80000,0x00000000d5f00000)
 ParOldGen       total 91136K, used 90753K [0x0000000080000000, 0x0000000085900000, 0x00000000d5580000)
  object space 91136K, 99% used [0x0000000080000000,0x00000000858a0530,0x0000000085900000)
 Metaspace       used 73361K, committed 74944K, reserved 1179648K
  class space    used 7532K, committed 8256K, reserved 1048576K
}
Event: 11.927 GC heap before
{Heap before GC invocations=89 (full 3):
 PSYoungGen      total 7680K, used 7669K [0x00000000d5580000, 0x00000000d5f00000, 0x0000000100000000)
  eden space 6656K, 100% used [0x00000000d5580000,0x00000000d5c00000,0x00000000d5c00000)
  from space 1024K, 98% used [0x00000000d5c80000,0x00000000d5d7d6a8,0x00000000d5d80000)
  to   space 1536K, 0% used [0x00000000d5d80000,0x00000000d5d80000,0x00000000d5f00000)
 ParOldGen       total 91136K, used 90753K [0x0000000080000000, 0x0000000085900000, 0x00000000d5580000)
  object space 91136K, 99% used [0x0000000080000000,0x00000000858a0530,0x0000000085900000)
 Metaspace       used 73494K, committed 75136K, reserved 1179648K
  class space    used 7543K, committed 8256K, reserved 1048576K
}
Event: 11.928 GC heap after
{Heap after GC invocations=89 (full 3):
 PSYoungGen      total 8192K, used 1351K [0x00000000d5580000, 0x00000000d5f00000, 0x0000000100000000)
  eden space 6656K, 0% used [0x00000000d5580000,0x00000000d5580000,0x00000000d5c00000)
  from space 1536K, 88% used [0x00000000d5d80000,0x00000000d5ed1f20,0x00000000d5f00000)
  to   space 1536K, 0% used [0x00000000d5c00000,0x00000000d5c00000,0x00000000d5d80000)
 ParOldGen       total 91648K, used 91423K [0x0000000080000000, 0x0000000085980000, 0x00000000d5580000)
  object space 91648K, 99% used [0x0000000080000000,0x0000000085947e88,0x0000000085980000)
 Metaspace       used 73494K, committed 75136K, reserved 1179648K
  class space    used 7543K, committed 8256K, reserved 1048576K
}
Event: 11.947 GC heap before
{Heap before GC invocations=90 (full 3):
 PSYoungGen      total 8192K, used 8007K [0x00000000d5580000, 0x00000000d5f00000, 0x0000000100000000)
  eden space 6656K, 100% used [0x00000000d5580000,0x00000000d5c00000,0x00000000d5c00000)
  from space 1536K, 88% used [0x00000000d5d80000,0x00000000d5ed1f20,0x00000000d5f00000)
  to   space 1536K, 0% used [0x00000000d5c00000,0x00000000d5c00000,0x00000000d5d80000)
 ParOldGen       total 91648K, used 91423K [0x0000000080000000, 0x0000000085980000, 0x00000000d5580000)
  object space 91648K, 99% used [0x0000000080000000,0x0000000085947e88,0x0000000085980000)
 Metaspace       used 73528K, committed 75136K, reserved 1179648K
  class space    used 7544K, committed 8256K, reserved 1048576K
}
Event: 11.949 GC heap after
{Heap after GC invocations=90 (full 3):
 PSYoungGen      total 7680K, used 800K [0x00000000d5580000, 0x00000000d5e00000, 0x0000000100000000)
  eden space 6656K, 0% used [0x00000000d5580000,0x00000000d5580000,0x00000000d5c00000)
  from space 1024K, 78% used [0x00000000d5c00000,0x00000000d5cc8020,0x00000000d5d00000)
  to   space 1024K, 0% used [0x00000000d5d00000,0x00000000d5d00000,0x00000000d5e00000)
 ParOldGen       total 92672K, used 92312K [0x0000000080000000, 0x0000000085a80000, 0x00000000d5580000)
  object space 92672K, 99% used [0x0000000080000000,0x0000000085a26318,0x0000000085a80000)
 Metaspace       used 73528K, committed 75136K, reserved 1179648K
  class space    used 7544K, committed 8256K, reserved 1048576K
}
Event: 11.970 GC heap before
{Heap before GC invocations=91 (full 3):
 PSYoungGen      total 7680K, used 7456K [0x00000000d5580000, 0x00000000d5e00000, 0x0000000100000000)
  eden space 6656K, 99% used [0x00000000d5580000,0x00000000d5bffff8,0x00000000d5c00000)
  from space 1024K, 78% used [0x00000000d5c00000,0x00000000d5cc8020,0x00000000d5d00000)
  to   space 1024K, 0% used [0x00000000d5d00000,0x00000000d5d00000,0x00000000d5e00000)
 ParOldGen       total 92672K, used 92312K [0x0000000080000000, 0x0000000085a80000, 0x00000000d5580000)
  object space 92672K, 99% used [0x0000000080000000,0x0000000085a26318,0x0000000085a80000)
 Metaspace       used 73531K, committed 75136K, reserved 1179648K
  class space    used 7544K, committed 8256K, reserved 1048576K
}
Event: 11.972 GC heap after
{Heap after GC invocations=91 (full 3):
 PSYoungGen      total 6656K, used 1018K [0x00000000d5580000, 0x00000000d6000000, 0x0000000100000000)
  eden space 5632K, 0% used [0x00000000d5580000,0x00000000d5580000,0x00000000d5b00000)
  from space 1024K, 99% used [0x00000000d5d00000,0x00000000d5dfeb40,0x00000000d5e00000)
  to   space 2048K, 0% used [0x00000000d5b00000,0x00000000d5b00000,0x00000000d5d00000)
 ParOldGen       total 93184K, used 92968K [0x0000000080000000, 0x0000000085b00000, 0x00000000d5580000)
  object space 93184K, 99% used [0x0000000080000000,0x0000000085aca358,0x0000000085b00000)
 Metaspace       used 73531K, committed 75136K, reserved 1179648K
  class space    used 7544K, committed 8256K, reserved 1048576K
}
Event: 12.016 GC heap before
{Heap before GC invocations=92 (full 3):
 PSYoungGen      total 6656K, used 6650K [0x00000000d5580000, 0x00000000d6000000, 0x0000000100000000)
  eden space 5632K, 100% used [0x00000000d5580000,0x00000000d5b00000,0x00000000d5b00000)
  from space 1024K, 99% used [0x00000000d5d00000,0x00000000d5dfeb40,0x00000000d5e00000)
  to   space 2048K, 0% used [0x00000000d5b00000,0x00000000d5b00000,0x00000000d5d00000)
 ParOldGen       total 93184K, used 92968K [0x0000000080000000, 0x0000000085b00000, 0x00000000d5580000)
  object space 93184K, 99% used [0x0000000080000000,0x0000000085aca358,0x0000000085b00000)
 Metaspace       used 73576K, committed 75200K, reserved 1179648K
  class space    used 7544K, committed 8256K, reserved 1048576K
}
Event: 12.018 GC heap after
{Heap after GC invocations=92 (full 3):
 PSYoungGen      total 7680K, used 2029K [0x00000000d5580000, 0x00000000d6200000, 0x0000000100000000)
  eden space 5632K, 0% used [0x00000000d5580000,0x00000000d5580000,0x00000000d5b00000)
  from space 2048K, 99% used [0x00000000d5b00000,0x00000000d5cfb708,0x00000000d5d00000)
  to   space 3584K, 0% used [0x00000000d5e80000,0x00000000d5e80000,0x00000000d6200000)
 ParOldGen       total 94208K, used 94020K [0x0000000080000000, 0x0000000085c00000, 0x00000000d5580000)
  object space 94208K, 99% used [0x0000000080000000,0x0000000085bd11e8,0x0000000085c00000)
 Metaspace       used 73576K, committed 75200K, reserved 1179648K
  class space    used 7544K, committed 8256K, reserved 1048576K
}
Event: 12.039 GC heap before
{Heap before GC invocations=93 (full 3):
 PSYoungGen      total 7680K, used 7661K [0x00000000d5580000, 0x00000000d6200000, 0x0000000100000000)
  eden space 5632K, 100% used [0x00000000d5580000,0x00000000d5b00000,0x00000000d5b00000)
  from space 2048K, 99% used [0x00000000d5b00000,0x00000000d5cfb708,0x00000000d5d00000)
  to   space 3584K, 0% used [0x00000000d5e80000,0x00000000d5e80000,0x00000000d6200000)
 ParOldGen       total 94208K, used 94020K [0x0000000080000000, 0x0000000085c00000, 0x00000000d5580000)
  object space 94208K, 99% used [0x0000000080000000,0x0000000085bd11e8,0x0000000085c00000)
 Metaspace       used 73594K, committed 75200K, reserved 1179648K
  class space    used 7546K, committed 8256K, reserved 1048576K
}
Event: 12.041 GC heap after
{Heap after GC invocations=93 (full 3):
 PSYoungGen      total 7168K, used 1204K [0x00000000d5580000, 0x00000000d6000000, 0x0000000100000000)
  eden space 5632K, 0% used [0x00000000d5580000,0x00000000d5580000,0x00000000d5b00000)
  from space 1536K, 78% used [0x00000000d5e80000,0x00000000d5fad200,0x00000000d6000000)
  to   space 2048K, 0% used [0x00000000d5c00000,0x00000000d5c00000,0x00000000d5e00000)
 ParOldGen       total 96256K, used 95815K [0x0000000080000000, 0x0000000085e00000, 0x00000000d5580000)
  object space 96256K, 99% used [0x0000000080000000,0x0000000085d91ca0,0x0000000085e00000)
 Metaspace       used 73594K, committed 75200K, reserved 1179648K
  class space    used 7546K, committed 8256K, reserved 1048576K
}
Event: 12.059 GC heap before
{Heap before GC invocations=94 (full 3):
 PSYoungGen      total 7168K, used 6836K [0x00000000d5580000, 0x00000000d6000000, 0x0000000100000000)
  eden space 5632K, 100% used [0x00000000d5580000,0x00000000d5b00000,0x00000000d5b00000)
  from space 1536K, 78% used [0x00000000d5e80000,0x00000000d5fad200,0x00000000d6000000)
  to   space 2048K, 0% used [0x00000000d5c00000,0x00000000d5c00000,0x00000000d5e00000)
 ParOldGen       total 96256K, used 95815K [0x0000000080000000, 0x0000000085e00000, 0x00000000d5580000)
  object space 96256K, 99% used [0x0000000080000000,0x0000000085d91ca0,0x0000000085e00000)
 Metaspace       used 73606K, committed 75264K, reserved 1179648K
  class space    used 7546K, committed 8256K, reserved 1048576K
}
Event: 12.061 GC heap after
{Heap after GC invocations=94 (full 3):
 PSYoungGen      total 7680K, used 640K [0x00000000d5580000, 0x00000000d5f00000, 0x0000000100000000)
  eden space 5632K, 0% used [0x00000000d5580000,0x00000000d5580000,0x00000000d5b00000)
  from space 2048K, 31% used [0x00000000d5c00000,0x00000000d5ca0020,0x00000000d5e00000)
  to   space 1024K, 0% used [0x00000000d5e00000,0x00000000d5e00000,0x00000000d5f00000)
 ParOldGen       total 97280K, used 96778K [0x0000000080000000, 0x0000000085f00000, 0x00000000d5580000)
  object space 97280K, 99% used [0x0000000080000000,0x0000000085e82a28,0x0000000085f00000)
 Metaspace       used 73606K, committed 75264K, reserved 1179648K
  class space    used 7546K, committed 8256K, reserved 1048576K
}
Event: 12.097 GC heap before
{Heap before GC invocations=95 (full 3):
 PSYoungGen      total 7680K, used 6272K [0x00000000d5580000, 0x00000000d5f00000, 0x0000000100000000)
  eden space 5632K, 100% used [0x00000000d5580000,0x00000000d5b00000,0x00000000d5b00000)
  from space 2048K, 31% used [0x00000000d5c00000,0x00000000d5ca0020,0x00000000d5e00000)
  to   space 1024K, 0% used [0x00000000d5e00000,0x00000000d5e00000,0x00000000d5f00000)
 ParOldGen       total 97280K, used 96778K [0x0000000080000000, 0x0000000085f00000, 0x00000000d5580000)
  object space 97280K, 99% used [0x0000000080000000,0x0000000085e82a28,0x0000000085f00000)
 Metaspace       used 73708K, committed 75328K, reserved 1179648K
  class space    used 7547K, committed 8256K, reserved 1048576K
}
Event: 12.100 GC heap after
{Heap after GC invocations=95 (full 3):
 PSYoungGen      total 6656K, used 1012K [0x00000000d5580000, 0x00000000d5f00000, 0x0000000100000000)
  eden space 5632K, 0% used [0x00000000d5580000,0x00000000d5580000,0x00000000d5b00000)
  from space 1024K, 98% used [0x00000000d5e00000,0x00000000d5efd200,0x00000000d5f00000)
  to   space 2048K, 0% used [0x00000000d5b00000,0x00000000d5b00000,0x00000000d5d00000)
 ParOldGen       total 97792K, used 97346K [0x0000000080000000, 0x0000000085f80000, 0x00000000d5580000)
  object space 97792K, 99% used [0x0000000080000000,0x0000000085f10a68,0x0000000085f80000)
 Metaspace       used 73708K, committed 75328K, reserved 1179648K
  class space    used 7547K, committed 8256K, reserved 1048576K
}
Event: 12.123 GC heap before
{Heap before GC invocations=96 (full 3):
 PSYoungGen      total 6656K, used 6644K [0x00000000d5580000, 0x00000000d5f00000, 0x0000000100000000)
  eden space 5632K, 100% used [0x00000000d5580000,0x00000000d5b00000,0x00000000d5b00000)
  from space 1024K, 98% used [0x00000000d5e00000,0x00000000d5efd200,0x00000000d5f00000)
  to   space 2048K, 0% used [0x00000000d5b00000,0x00000000d5b00000,0x00000000d5d00000)
 ParOldGen       total 97792K, used 97346K [0x0000000080000000, 0x0000000085f80000, 0x00000000d5580000)
  object space 97792K, 99% used [0x0000000080000000,0x0000000085f10a68,0x0000000085f80000)
 Metaspace       used 73711K, committed 75328K, reserved 1179648K
  class space    used 7547K, committed 8256K, reserved 1048576K
}
Event: 12.124 GC heap after
{Heap after GC invocations=96 (full 3):
 PSYoungGen      total 7680K, used 1072K [0x00000000d5580000, 0x00000000d5e80000, 0x0000000100000000)
  eden space 5632K, 0% used [0x00000000d5580000,0x00000000d5580000,0x00000000d5b00000)
  from space 2048K, 52% used [0x00000000d5b00000,0x00000000d5c0c010,0x00000000d5d00000)
  to   space 1536K, 0% used [0x00000000d5d00000,0x00000000d5d00000,0x00000000d5e80000)
 ParOldGen       total 98816K, used 98358K [0x0000000080000000, 0x0000000086080000, 0x00000000d5580000)
  object space 98816K, 99% used [0x0000000080000000,0x000000008600da58,0x0000000086080000)
 Metaspace       used 73711K, committed 75328K, reserved 1179648K
  class space    used 7547K, committed 8256K, reserved 1048576K
}
Event: 12.153 GC heap before
{Heap before GC invocations=97 (full 3):
 PSYoungGen      total 7680K, used 6704K [0x00000000d5580000, 0x00000000d5e80000, 0x0000000100000000)
  eden space 5632K, 100% used [0x00000000d5580000,0x00000000d5b00000,0x00000000d5b00000)
  from space 2048K, 52% used [0x00000000d5b00000,0x00000000d5c0c010,0x00000000d5d00000)
  to   space 1536K, 0% used [0x00000000d5d00000,0x00000000d5d00000,0x00000000d5e80000)
 ParOldGen       total 98816K, used 98358K [0x0000000080000000, 0x0000000086080000, 0x00000000d5580000)
  object space 98816K, 99% used [0x0000000080000000,0x000000008600da58,0x0000000086080000)
 Metaspace       used 73785K, committed 75392K, reserved 1179648K
  class space    used 7547K, committed 8256K, reserved 1048576K
}
Event: 12.155 GC heap after
{Heap after GC invocations=97 (full 3):
 PSYoungGen      total 7168K, used 1060K [0x00000000d5580000, 0x00000000d5e80000, 0x0000000100000000)
  eden space 5632K, 0% used [0x00000000d5580000,0x00000000d5580000,0x00000000d5b00000)
  from space 1536K, 69% used [0x00000000d5d00000,0x00000000d5e09210,0x00000000d5e80000)
  to   space 1536K, 0% used [0x00000000d5b80000,0x00000000d5b80000,0x00000000d5d00000)
 ParOldGen       total 99328K, used 99227K [0x0000000080000000, 0x0000000086100000, 0x00000000d5580000)
  object space 99328K, 99% used [0x0000000080000000,0x00000000860e6d18,0x0000000086100000)
 Metaspace       used 73785K, committed 75392K, reserved 1179648K
  class space    used 7547K, committed 8256K, reserved 1048576K
}

Dll operation events (11 events):
Event: 0.011 Loaded shared library C:\Program Files\Eclipse Adoptium\jdk-21.0.11.10-hotspot\bin\java.dll
Event: 0.036 Loaded shared library C:\Program Files\Eclipse Adoptium\jdk-21.0.11.10-hotspot\bin\jsvml.dll
Event: 0.073 Loaded shared library C:\Program Files\Eclipse Adoptium\jdk-21.0.11.10-hotspot\bin\zip.dll
Event: 0.076 Loaded shared library C:\Program Files\Eclipse Adoptium\jdk-21.0.11.10-hotspot\bin\instrument.dll
Event: 0.080 Loaded shared library C:\Program Files\Eclipse Adoptium\jdk-21.0.11.10-hotspot\bin\net.dll
Event: 0.082 Loaded shared library C:\Program Files\Eclipse Adoptium\jdk-21.0.11.10-hotspot\bin\nio.dll
Event: 0.083 Loaded shared library C:\Program Files\Eclipse Adoptium\jdk-21.0.11.10-hotspot\bin\zip.dll
Event: 0.095 Loaded shared library C:\Program Files\Eclipse Adoptium\jdk-21.0.11.10-hotspot\bin\jimage.dll
Event: 0.143 Loaded shared library C:\Program Files\Eclipse Adoptium\jdk-21.0.11.10-hotspot\bin\verify.dll
Event: 1.040 Loaded shared library C:\Users\Admin\AppData\Roaming\Code\User\globalStorage\redhat.java\1.54.0\config_win\org.eclipse.equinox.launcher\org.eclipse.equinox.launcher.win32.win32.x86_64_1.3.0.v20260203-2149\eclipse_11919.dll
Event: 4.203 Loaded shared library C:\Users\Admin\AppData\Local\Temp\jna-63116079\jna15485012998243861983.dll

Deoptimization events (20 events):
Event: 11.915 Thread 0x0000022e7b9ce050 Uncommon trap: trap_request=0xffffffd6 fr.pc=0x0000022e6858072c relative=0x000000000000064c
Event: 11.915 Thread 0x0000022e7b9ce050 Uncommon trap: reason=array_check action=maybe_recompile pc=0x0000022e6858072c method=java.util.TimSort.binarySort([Ljava/lang/Object;IIILjava/util/Comparator;)V @ 193 c2
Event: 11.915 Thread 0x0000022e7b9ce050 DEOPT PACKING pc=0x0000022e6858072c sp=0x000000e0757fd9d0
Event: 11.915 Thread 0x0000022e7b9ce050 DEOPT UNPACKING pc=0x0000022e677b3aa2 sp=0x000000e0757fd978 mode 2
Event: 11.981 Thread 0x0000022e7b9ce050 Uncommon trap: trap_request=0xffffffbe fr.pc=0x0000022e682c28d4 relative=0x0000000000000494
Event: 11.981 Thread 0x0000022e7b9ce050 Uncommon trap: reason=profile_predicate action=maybe_recompile pc=0x0000022e682c28d4 method=java.util.TimSort.binarySort([Ljava/lang/Object;IIILjava/util/Comparator;)V @ 32 c2
Event: 11.981 Thread 0x0000022e7b9ce050 DEOPT PACKING pc=0x0000022e682c28d4 sp=0x000000e0757fdcd0
Event: 11.981 Thread 0x0000022e7b9ce050 DEOPT UNPACKING pc=0x0000022e677b3aa2 sp=0x000000e0757fdc80 mode 2
Event: 12.003 Thread 0x0000022e7b9ce050 Uncommon trap: trap_request=0xffffffbe fr.pc=0x0000022e682c28d4 relative=0x0000000000000494
Event: 12.003 Thread 0x0000022e7b9ce050 Uncommon trap: reason=profile_predicate action=maybe_recompile pc=0x0000022e682c28d4 method=java.util.TimSort.binarySort([Ljava/lang/Object;IIILjava/util/Comparator;)V @ 32 c2
Event: 12.003 Thread 0x0000022e7b9ce050 DEOPT PACKING pc=0x0000022e682c28d4 sp=0x000000e0757fd960
Event: 12.003 Thread 0x0000022e7b9ce050 DEOPT UNPACKING pc=0x0000022e677b3aa2 sp=0x000000e0757fd910 mode 2
Event: 12.023 Thread 0x0000022e7b9ce050 DEOPT PACKING pc=0x0000022e60f0fa30 sp=0x000000e0757fde70
Event: 12.023 Thread 0x0000022e7b9ce050 DEOPT UNPACKING pc=0x0000022e677b4242 sp=0x000000e0757fd358 mode 0
Event: 12.073 Thread 0x0000022e7b9ce050 Uncommon trap: trap_request=0xffffffbe fr.pc=0x0000022e682c28d4 relative=0x0000000000000494
Event: 12.073 Thread 0x0000022e7b9ce050 Uncommon trap: reason=profile_predicate action=maybe_recompile pc=0x0000022e682c28d4 method=java.util.TimSort.binarySort([Ljava/lang/Object;IIILjava/util/Comparator;)V @ 32 c2
Event: 12.073 Thread 0x0000022e7b9ce050 DEOPT PACKING pc=0x0000022e682c28d4 sp=0x000000e0757fdc70
Event: 12.073 Thread 0x0000022e7b9ce050 DEOPT UNPACKING pc=0x0000022e677b3aa2 sp=0x000000e0757fdc20 mode 2
Event: 12.159 Thread 0x0000022e7b9ce050 DEOPT PACKING pc=0x0000022e61556ff8 sp=0x000000e0757fd8a0
Event: 12.159 Thread 0x0000022e7b9ce050 DEOPT UNPACKING pc=0x0000022e677b4242 sp=0x000000e0757fcd70 mode 0

Classes loaded (20 events):
Event: 10.872 Loading class java/util/concurrent/CompletableFuture$UniApply
Event: 10.873 Loading class java/util/concurrent/CompletableFuture$UniApply done
Event: 10.873 Loading class java/util/concurrent/CompletableFuture$UniExceptionally
Event: 10.874 Loading class java/util/concurrent/CompletableFuture$UniExceptionally done
Event: 10.919 Loading class javax/xml/transform/TransformerConfigurationException
Event: 10.919 Loading class javax/xml/transform/TransformerConfigurationException done
Event: 11.028 Loading class java/util/HashMap$EntrySpliterator
Event: 11.029 Loading class java/util/HashMap$EntrySpliterator done
Event: 11.029 Loading class java/util/Hashtable$KeySet
Event: 11.030 Loading class java/util/Hashtable$KeySet done
Event: 11.277 Loading class java/lang/invoke/MethodHandleImpl$CountingWrapper$1
Event: 11.277 Loading class java/lang/invoke/MethodHandleImpl$CountingWrapper$1 done
Event: 11.299 Loading class java/lang/UnsupportedClassVersionError
Event: 11.300 Loading class java/lang/UnsupportedClassVersionError done
Event: 11.677 Loading class jdk/internal/ref/CleanerImpl$InnocuousThreadFactory
Event: 11.678 Loading class jdk/internal/ref/CleanerImpl$InnocuousThreadFactory done
Event: 11.857 Loading class java/util/regex/Pattern$Behind
Event: 11.857 Loading class java/util/regex/Pattern$Behind done
Event: 11.857 Loading class java/util/regex/Pattern$Neg
Event: 11.858 Loading class java/util/regex/Pattern$Neg done

Classes unloaded (8 events):
Event: 4.653 Thread 0x0000022e57c8fa60 Unloading class 0x0000022e011ab400 'java/lang/invoke/LambdaForm$MH+0x0000022e011ab400'
Event: 4.653 Thread 0x0000022e57c8fa60 Unloading class 0x0000022e011ab000 'java/lang/invoke/LambdaForm$MH+0x0000022e011ab000'
Event: 4.653 Thread 0x0000022e57c8fa60 Unloading class 0x0000022e011aac00 'java/lang/invoke/LambdaForm$MH+0x0000022e011aac00'
Event: 4.653 Thread 0x0000022e57c8fa60 Unloading class 0x0000022e011aa800 'java/lang/invoke/LambdaForm$MH+0x0000022e011aa800'
Event: 4.653 Thread 0x0000022e57c8fa60 Unloading class 0x0000022e011aa400 'java/lang/invoke/LambdaForm$BMH+0x0000022e011aa400'
Event: 4.653 Thread 0x0000022e57c8fa60 Unloading class 0x0000022e011aa000 'java/lang/invoke/LambdaForm$DMH+0x0000022e011aa000'
Event: 4.653 Thread 0x0000022e57c8fa60 Unloading class 0x0000022e011a8c00 'java/lang/invoke/LambdaForm$DMH+0x0000022e011a8c00'
Event: 8.508 Thread 0x0000022e57c8fa60 Unloading class 0x0000022e01684c00 'java/lang/invoke/LambdaForm$DMH+0x0000022e01684c00'

Classes redefined (0 events):
No events

Internal exceptions (20 events):
Event: 10.875 Thread 0x0000022e7e629710 Exception <a 'java/lang/IncompatibleClassChangeError'{0x00000000d61eda48}: Found class java.lang.Object, but interface was expected> (0x00000000d61eda48) 
thrown [s\src\hotspot\share\interpreter\linkResolver.cpp, line 840]
Event: 10.879 Thread 0x0000022e7e629710 Exception <a 'java/lang/IncompatibleClassChangeError'{0x00000000d629ade0}: Found class java.lang.Object, but interface was expected> (0x00000000d629ade0) 
thrown [s\src\hotspot\share\interpreter\linkResolver.cpp, line 840]
Event: 10.905 Thread 0x0000022e7e629710 Exception <a 'java/lang/IncompatibleClassChangeError'{0x00000000d55e41d0}: Found class java.lang.Object, but interface was expected> (0x00000000d55e41d0) 
thrown [s\src\hotspot\share\interpreter\linkResolver.cpp, line 840]
Event: 10.969 Thread 0x0000022e7e629710 Exception <a 'java/lang/IncompatibleClassChangeError'{0x00000000d5dc0e90}: Found class java.lang.Object, but interface was expected> (0x00000000d5dc0e90) 
thrown [s\src\hotspot\share\interpreter\linkResolver.cpp, line 840]
Event: 11.075 Thread 0x0000022e7b9cd330 Exception <a 'java/lang/NoSuchMethodError'{0x00000000d5c4a118}: 'java.lang.Object java.lang.invoke.DirectMethodHandle$Holder.invokeSpecial(java.lang.Object, java.lang.Object, int, long)'> (0x00000000d5c4a118) 
thrown [s\src\hotspot\share\interpreter\linkResolver.cpp, line 773]
Event: 11.141 Thread 0x0000022e7dbe7060 Exception <a 'sun/nio/fs/WindowsException'{0x00000000d5698428}> (0x00000000d5698428) 
thrown [s\src\hotspot\share\prims\jni.cpp, line 520]
Event: 11.141 Thread 0x0000022e7dbe7060 Exception <a 'sun/nio/fs/WindowsException'{0x00000000d572e680}> (0x00000000d572e680) 
thrown [s\src\hotspot\share\prims\jni.cpp, line 520]
Event: 11.141 Thread 0x0000022e7dbe7060 Exception <a 'sun/nio/fs/WindowsException'{0x00000000d572f6b8}> (0x00000000d572f6b8) 
thrown [s\src\hotspot\share\prims\jni.cpp, line 520]
Event: 11.142 Thread 0x0000022e7dbe7060 Exception <a 'sun/nio/fs/WindowsException'{0x00000000d572ff98}> (0x00000000d572ff98) 
thrown [s\src\hotspot\share\prims\jni.cpp, line 520]
Event: 11.146 Thread 0x0000022e7dbe7060 Exception <a 'java/io/FileNotFoundException'{0x00000000d5898c10}> (0x00000000d5898c10) 
thrown [s\src\hotspot\share\prims\jni.cpp, line 520]
Event: 11.146 Thread 0x0000022e7dbe7060 Exception <a 'java/io/FileNotFoundException'{0x00000000d58e4f30}> (0x00000000d58e4f30) 
thrown [s\src\hotspot\share\prims\jni.cpp, line 520]
Event: 11.157 Thread 0x0000022e7b9cd330 Exception <a 'java/lang/NoSuchMethodError'{0x00000000d5a483c0}: 'java.lang.Object java.lang.invoke.DirectMethodHandle$Holder.invokeStatic(java.lang.Object, java.lang.Object, int, java.lang.Object)'> (0x00000000d5a483c0) 
thrown [s\src\hotspot\share\interpreter\linkResolver.cpp, line 773]
Event: 11.158 Thread 0x0000022e7dbe7060 Exception <a 'sun/nio/fs/WindowsException'{0x00000000d5a71710}> (0x00000000d5a71710) 
thrown [s\src\hotspot\share\prims\jni.cpp, line 520]
Event: 11.159 Thread 0x0000022e7dbe7060 Exception <a 'sun/nio/fs/WindowsException'{0x00000000d5a71ff0}> (0x00000000d5a71ff0) 
thrown [s\src\hotspot\share\prims\jni.cpp, line 520]
Event: 11.170 Thread 0x0000022e7dbe7060 Exception <a 'sun/nio/fs/WindowsException'{0x00000000d5b50120}> (0x00000000d5b50120) 
thrown [s\src\hotspot\share\prims\jni.cpp, line 520]
Event: 11.170 Thread 0x0000022e7dbe7060 Exception <a 'sun/nio/fs/WindowsException'{0x00000000d5b50c78}> (0x00000000d5b50c78) 
thrown [s\src\hotspot\share\prims\jni.cpp, line 520]
Event: 11.188 Thread 0x0000022e7f5e8ff0 Exception <a 'java/lang/IncompatibleClassChangeError'{0x00000000d55f2068}: Found class java.lang.Object, but interface was expected> (0x00000000d55f2068) 
thrown [s\src\hotspot\share\interpreter\linkResolver.cpp, line 840]
Event: 11.311 Thread 0x0000022e7f5e8ff0 Exception <a 'java/lang/NoSuchMethodError'{0x00000000d58329c0}: 'int java.lang.invoke.Invokers$Holder.invokeExact_MT(java.lang.Object, java.lang.Object)'> (0x00000000d58329c0) 
thrown [s\src\hotspot\share\interpreter\linkResolver.cpp, line 773]
Event: 11.829 Thread 0x0000022e7dbe5cb0 Exception <a 'java/lang/NoSuchMethodError'{0x00000000d58cf8e0}: 'void java.lang.invoke.DirectMethodHandle$Holder.invokeSpecial(java.lang.Object, java.lang.Object, int)'> (0x00000000d58cf8e0) 
thrown [s\src\hotspot\share\interpreter\linkResolver.cpp, line 773]
Event: 11.874 Thread 0x0000022e7dbe5cb0 Exception <a 'java/lang/NoSuchMethodError'{0x00000000d559a680}: 'int java.lang.invoke.DirectMethodHandle$Holder.invokeVirtual(java.lang.Object, java.lang.Object, java.lang.Object, int)'> (0x00000000d559a680) 
thrown [s\src\hotspot\share\interpreter\linkResolver.cpp, line 773]

ZGC Phase Switch (0 events):
No events

VM Operations (20 events):
Event: 11.899 Executing safepoint VM operation: ParallelGCFailedAllocation (Allocation Failure)
Event: 11.900 Executing safepoint VM operation: ParallelGCFailedAllocation (Allocation Failure) done
Event: 11.926 Executing safepoint VM operation: ParallelGCFailedAllocation (Allocation Failure)
Event: 11.928 Executing safepoint VM operation: ParallelGCFailedAllocation (Allocation Failure) done
Event: 11.947 Executing safepoint VM operation: ParallelGCFailedAllocation (Allocation Failure)
Event: 11.949 Executing safepoint VM operation: ParallelGCFailedAllocation (Allocation Failure) done
Event: 11.970 Executing safepoint VM operation: ParallelGCFailedAllocation (Allocation Failure)
Event: 11.972 Executing safepoint VM operation: ParallelGCFailedAllocation (Allocation Failure) done
Event: 12.016 Executing safepoint VM operation: ParallelGCFailedAllocation (Allocation Failure)
Event: 12.018 Executing safepoint VM operation: ParallelGCFailedAllocation (Allocation Failure) done
Event: 12.038 Executing safepoint VM operation: ParallelGCFailedAllocation (Allocation Failure)
Event: 12.041 Executing safepoint VM operation: ParallelGCFailedAllocation (Allocation Failure) done
Event: 12.059 Executing safepoint VM operation: ParallelGCFailedAllocation (Allocation Failure)
Event: 12.061 Executing safepoint VM operation: ParallelGCFailedAllocation (Allocation Failure) done
Event: 12.097 Executing safepoint VM operation: ParallelGCFailedAllocation (Allocation Failure)
Event: 12.100 Executing safepoint VM operation: ParallelGCFailedAllocation (Allocation Failure) done
Event: 12.123 Executing safepoint VM operation: ParallelGCFailedAllocation (Allocation Failure)
Event: 12.124 Executing safepoint VM operation: ParallelGCFailedAllocation (Allocation Failure) done
Event: 12.153 Executing safepoint VM operation: ParallelGCFailedAllocation (Allocation Failure)
Event: 12.155 Executing safepoint VM operation: ParallelGCFailedAllocation (Allocation Failure) done

Memory protections (0 events):
No events

Nmethod flushes (20 events):
Event: 8.523 Thread 0x0000022e57c8fa60 flushing  nmethod 0x0000022e60cfb790
Event: 8.523 Thread 0x0000022e57c8fa60 flushing  nmethod 0x0000022e60d0c390
Event: 8.523 Thread 0x0000022e57c8fa60 flushing  nmethod 0x0000022e60d0c710
Event: 8.523 Thread 0x0000022e57c8fa60 flushing  nmethod 0x0000022e60d0de90
Event: 8.523 Thread 0x0000022e57c8fa60 flushing  nmethod 0x0000022e60d10710
Event: 8.523 Thread 0x0000022e57c8fa60 flushing  nmethod 0x0000022e60d10d10
Event: 8.523 Thread 0x0000022e57c8fa60 flushing  nmethod 0x0000022e60d11090
Event: 8.523 Thread 0x0000022e57c8fa60 flushing  nmethod 0x0000022e60d26790
Event: 8.523 Thread 0x0000022e57c8fa60 flushing osr nmethod 0x0000022e60d2b390
Event: 8.523 Thread 0x0000022e57c8fa60 flushing  nmethod 0x0000022e60d2ea10
Event: 8.523 Thread 0x0000022e57c8fa60 flushing  nmethod 0x0000022e60d53290
Event: 8.523 Thread 0x0000022e57c8fa60 flushing  nmethod 0x0000022e60d6d810
Event: 8.523 Thread 0x0000022e57c8fa60 flushing  nmethod 0x0000022e60d6de10
Event: 8.523 Thread 0x0000022e57c8fa60 flushing  nmethod 0x0000022e60d6e690
Event: 8.523 Thread 0x0000022e57c8fa60 flushing  nmethod 0x0000022e60d6ea10
Event: 8.523 Thread 0x0000022e57c8fa60 flushing  nmethod 0x0000022e60d71110
Event: 8.523 Thread 0x0000022e57c8fa60 flushing  nmethod 0x0000022e60d80790
Event: 8.523 Thread 0x0000022e57c8fa60 flushing  nmethod 0x0000022e60d8e390
Event: 8.523 Thread 0x0000022e57c8fa60 flushing  nmethod 0x0000022e60db7510
Event: 8.523 Thread 0x0000022e57c8fa60 flushing  nmethod 0x0000022e60ddab90

Events (20 events):
Event: 10.876 Thread 0x0000022e7e629710 Thread added: 0x0000022e7dbe4900
Event: 10.877 Thread 0x0000022e7dbe4900 Thread added: 0x0000022e7dbe4f90
Event: 10.877 Thread 0x0000022e7dbe4f90 Thread added: 0x0000022e7dbe5620
Event: 10.878 Thread 0x0000022e7dbe5620 Thread added: 0x0000022e7dbe5cb0
Event: 10.879 Thread 0x0000022e7e629710 Thread added: 0x0000022e7dbe6340
Event: 10.993 Thread 0x0000022e7e629710 Thread added: 0x0000022e7dbe7060
Event: 11.034 Thread 0x0000022e7dbe4f90 Thread added: 0x0000022e7dbe0760
Event: 11.035 Thread 0x0000022e7b9d07b0 Thread added: 0x0000022e7dbe00d0
Event: 11.035 Thread 0x0000022e7dbe0760 Thread added: 0x0000022e7dbe76f0
Event: 11.036 Thread 0x0000022e7dbe00d0 Thread added: 0x0000022e7dbe1480
Event: 11.036 Thread 0x0000022e7dbe76f0 Thread added: 0x0000022e7dbe1b10
Event: 11.037 Thread 0x0000022e7dbe1480 Thread added: 0x0000022e7f5e8960
Event: 11.037 Thread 0x0000022e7dbe1b10 Thread added: 0x0000022e7f5e9680
Event: 11.038 Thread 0x0000022e7f5e8960 Thread added: 0x0000022e7f5e9d10
Event: 11.039 Thread 0x0000022e7f5e9680 Thread added: 0x0000022e7f5e82d0
Event: 11.042 Thread 0x0000022e7f5e9d10 Thread added: 0x0000022e7f5e8ff0
Event: 11.046 Thread 0x0000022e7f5e82d0 Thread added: 0x0000022e7f5ed190
Event: 11.047 Thread 0x0000022e7f5e8ff0 Thread added: 0x0000022e7f5ed820
Event: 11.679 Thread 0x0000022e7dbe5cb0 Thread added: 0x0000022e7f5eb0c0
Event: 12.009 Thread 0x0000022e7b9ce6e0 Thread added: 0x0000022e7f5eb750


Dynamic libraries:
0x00007ff78c440000 - 0x00007ff78c44e000 	C:\Program Files\Eclipse Adoptium\jdk-21.0.11.10-hotspot\bin\java.exe
0x00007ffb36cf0000 - 0x00007ffb36f06000 	C:\Windows\SYSTEM32\ntdll.dll
0x00007ffb34b40000 - 0x00007ffb34c04000 	C:\Windows\System32\KERNEL32.DLL
0x00007ffb34040000 - 0x00007ffb343e7000 	C:\Windows\System32\KERNELBASE.dll
0x00007ffb343f0000 - 0x00007ffb34501000 	C:\Windows\System32\ucrtbase.dll
0x00007ffb22680000 - 0x00007ffb22698000 	C:\Program Files\Eclipse Adoptium\jdk-21.0.11.10-hotspot\bin\jli.dll
0x00007ffb36740000 - 0x00007ffb368ee000 	C:\Windows\System32\USER32.dll
0x00007ffb23750000 - 0x00007ffb2376e000 	C:\Program Files\Eclipse Adoptium\jdk-21.0.11.10-hotspot\bin\VCRUNTIME140.dll
0x00007ffb34790000 - 0x00007ffb347b6000 	C:\Windows\System32\win32u.dll
0x00007ffb26020000 - 0x00007ffb262b3000 	C:\Windows\WinSxS\amd64_microsoft.windows.common-controls_6595b64144ccf1df_6.0.22621.3235_none_270f74e173860f98\COMCTL32.dll
0x00007ffb36b40000 - 0x00007ffb36b69000 	C:\Windows\System32\GDI32.dll
0x00007ffb345d0000 - 0x00007ffb346e9000 	C:\Windows\System32\gdi32full.dll
0x00007ffb34a20000 - 0x00007ffb34ac7000 	C:\Windows\System32\msvcrt.dll
0x00007ffb346f0000 - 0x00007ffb3478a000 	C:\Windows\System32\msvcp_win.dll
0x00007ffb353b0000 - 0x00007ffb353e1000 	C:\Windows\System32\IMM32.DLL
0x00007ffb22800000 - 0x00007ffb2280c000 	C:\Program Files\Eclipse Adoptium\jdk-21.0.11.10-hotspot\bin\vcruntime140_1.dll
0x00007ffb11260000 - 0x00007ffb112ed000 	C:\Program Files\Eclipse Adoptium\jdk-21.0.11.10-hotspot\bin\msvcp140.dll
0x00007ffa8c690000 - 0x00007ffa8d432000 	C:\Program Files\Eclipse Adoptium\jdk-21.0.11.10-hotspot\bin\server\jvm.dll
0x00007ffb35130000 - 0x00007ffb351e2000 	C:\Windows\System32\ADVAPI32.dll
0x00007ffb364d0000 - 0x00007ffb36578000 	C:\Windows\System32\sechost.dll
0x00007ffb34010000 - 0x00007ffb34038000 	C:\Windows\System32\bcrypt.dll
0x00007ffb36b90000 - 0x00007ffb36ca5000 	C:\Windows\System32\RPCRT4.dll
0x00007ffb35090000 - 0x00007ffb35101000 	C:\Windows\System32\WS2_32.dll
0x00007ffb33ee0000 - 0x00007ffb33f2d000 	C:\Windows\SYSTEM32\POWRPROF.dll
0x00007ffb2d270000 - 0x00007ffb2d2a4000 	C:\Windows\SYSTEM32\WINMM.dll
0x00007ffb29a30000 - 0x00007ffb29a3a000 	C:\Windows\SYSTEM32\VERSION.dll
0x00007ffb33ec0000 - 0x00007ffb33ed3000 	C:\Windows\SYSTEM32\UMPDC.dll
0x00007ffb32fc0000 - 0x00007ffb32fd8000 	C:\Windows\SYSTEM32\kernel.appcore.dll
0x00007ffb1f570000 - 0x00007ffb1f57a000 	C:\Program Files\Eclipse Adoptium\jdk-21.0.11.10-hotspot\bin\jimage.dll
0x00007ffb31910000 - 0x00007ffb31b43000 	C:\Windows\SYSTEM32\DBGHELP.DLL
0x00007ffb35ce0000 - 0x00007ffb36068000 	C:\Windows\System32\combase.dll
0x00007ffb36a60000 - 0x00007ffb36b37000 	C:\Windows\System32\OLEAUT32.dll
0x00007ffac91b0000 - 0x00007ffac91e2000 	C:\Windows\SYSTEM32\dbgcore.DLL
0x00007ffb347c0000 - 0x00007ffb34839000 	C:\Windows\System32\bcryptPrimitives.dll
0x00007ffb15ba0000 - 0x00007ffb15baf000 	C:\Program Files\Eclipse Adoptium\jdk-21.0.11.10-hotspot\bin\instrument.dll
0x00007ffb11240000 - 0x00007ffb11260000 	C:\Program Files\Eclipse Adoptium\jdk-21.0.11.10-hotspot\bin\java.dll
0x00007ffb35480000 - 0x00007ffb35cdc000 	C:\Windows\System32\SHELL32.dll
0x00007ffb31f40000 - 0x00007ffb32839000 	C:\Windows\SYSTEM32\windows.storage.dll
0x00007ffb31e00000 - 0x00007ffb31f3e000 	C:\Windows\SYSTEM32\wintypes.dll
0x00007ffb361e0000 - 0x00007ffb362d3000 	C:\Windows\System32\SHCORE.dll
0x00007ffb36180000 - 0x00007ffb361de000 	C:\Windows\System32\shlwapi.dll
0x00007ffb33f40000 - 0x00007ffb33f61000 	C:\Windows\SYSTEM32\profapi.dll
0x00007ffa8c5b0000 - 0x00007ffa8c687000 	C:\Program Files\Eclipse Adoptium\jdk-21.0.11.10-hotspot\bin\jsvml.dll
0x00007ffb09fb0000 - 0x00007ffb09fc8000 	C:\Program Files\Eclipse Adoptium\jdk-21.0.11.10-hotspot\bin\zip.dll
0x00007ffb142f0000 - 0x00007ffb14300000 	C:\Program Files\Eclipse Adoptium\jdk-21.0.11.10-hotspot\bin\net.dll
0x00007ffb2e620000 - 0x00007ffb2e756000 	C:\Windows\SYSTEM32\WINHTTP.dll
0x00007ffb33480000 - 0x00007ffb334e9000 	C:\Windows\system32\mswsock.dll
0x00007ffb02280000 - 0x00007ffb02296000 	C:\Program Files\Eclipse Adoptium\jdk-21.0.11.10-hotspot\bin\nio.dll
0x00007ffb141c0000 - 0x00007ffb141d0000 	C:\Program Files\Eclipse Adoptium\jdk-21.0.11.10-hotspot\bin\verify.dll
0x00007ffb187b0000 - 0x00007ffb187f5000 	C:\Users\Admin\AppData\Roaming\Code\User\globalStorage\redhat.java\1.54.0\config_win\org.eclipse.equinox.launcher\org.eclipse.equinox.launcher.win32.win32.x86_64_1.3.0.v20260203-2149\eclipse_11919.dll
0x00007ffb36590000 - 0x00007ffb36735000 	C:\Windows\System32\ole32.dll
0x00007ffb337d0000 - 0x00007ffb337eb000 	C:\Windows\SYSTEM32\CRYPTSP.dll
0x00007ffb32f80000 - 0x00007ffb32fb5000 	C:\Windows\system32\rsaenh.dll
0x00007ffb33520000 - 0x00007ffb33548000 	C:\Windows\SYSTEM32\USERENV.dll
0x00007ffb337b0000 - 0x00007ffb337bc000 	C:\Windows\SYSTEM32\CRYPTBASE.dll
0x00007ffb32ae0000 - 0x00007ffb32b0d000 	C:\Windows\SYSTEM32\IPHLPAPI.DLL
0x00007ffb362e0000 - 0x00007ffb362e9000 	C:\Windows\System32\NSI.dll
0x00007ffb18760000 - 0x00007ffb187a9000 	C:\Users\Admin\AppData\Local\Temp\jna-63116079\jna15485012998243861983.dll
0x00007ffb36580000 - 0x00007ffb36588000 	C:\Windows\System32\PSAPI.DLL
0x00007ffb2d730000 - 0x00007ffb2d749000 	C:\Windows\SYSTEM32\dhcpcsvc6.DLL
0x00007ffb2d710000 - 0x00007ffb2d72f000 	C:\Windows\SYSTEM32\dhcpcsvc.DLL

JVMTI agents:
c:\Users\Admin\.vscode\extensions\redhat.java-1.54.0-win32-x64\lombok\lombok-1.18.39-4050.jar path:C:\Program Files\Eclipse Adoptium\jdk-21.0.11.10-hotspot\bin\instrument.dll, loaded, initialized, instrumentlib options:none

dbghelp: loaded successfully - version: 4.0.5 - missing functions: none
symbol engine: initialized successfully - sym options: 0x614 - pdb path: .;C:\Program Files\Eclipse Adoptium\jdk-21.0.11.10-hotspot\bin;C:\Windows\SYSTEM32;C:\Windows\WinSxS\amd64_microsoft.windows.common-controls_6595b64144ccf1df_6.0.22621.3235_none_270f74e173860f98;C:\Program Files\Eclipse Adoptium\jdk-21.0.11.10-hotspot\bin\server;C:\Users\Admin\AppData\Roaming\Code\User\globalStorage\redhat.java\1.54.0\config_win\org.eclipse.equinox.launcher\org.eclipse.equinox.launcher.win32.win32.x86_64_1.3.0.v20260203-2149;C:\Users\Admin\AppData\Local\Temp\jna-63116079

VM Arguments:
jvm_args: --add-modules=ALL-SYSTEM --add-opens=java.base/java.util=ALL-UNNAMED --add-opens=java.base/java.lang=ALL-UNNAMED --add-opens=java.base/sun.nio.fs=ALL-UNNAMED -Declipse.application=org.eclipse.jdt.ls.core.id1 -Dosgi.bundles.defaultStartLevel=4 -Declipse.product=org.eclipse.jdt.ls.core.product -Djava.import.generatesMetadataFilesAtProjectRoot=false -DDetectVMInstallationsJob.disabled=true -Dfile.encoding=utf8 -XX:+UseParallelGC -XX:GCTimeRatio=4 -XX:AdaptiveSizePolicyWeight=90 -Dsun.zip.disableMemoryMapping=true -Xmx2G -Xms100m -Xlog:disable -javaagent:c:\Users\Admin\.vscode\extensions\redhat.java-1.54.0-win32-x64\lombok\lombok-1.18.39-4050.jar -XX:+HeapDumpOnOutOfMemoryError -XX:HeapDumpPath=c:\Users\Admin\AppData\Roaming\Code\User\workspaceStorage\89d3455fba0f2a929b94adba8e7c6a0e\redhat.java -Daether.dependencyCollector.impl=bf 
java_command: c:\Users\Admin\.vscode\extensions\redhat.java-1.54.0-win32-x64\server\plugins\org.eclipse.equinox.launcher_1.7.100.v20251111-0406.jar -configuration c:\Users\Admin\AppData\Roaming\Code\User\globalStorage\redhat.java\1.54.0\config_win -data c:\Users\Admin\AppData\Roaming\Code\User\workspaceStorage\89d3455fba0f2a929b94adba8e7c6a0e\redhat.java\jdt_ws --pipe=\\.\pipe\lsp-d4f0286833e3eed32b6851eaa320a50b-sock
java_class_path (initial): c:\Users\Admin\.vscode\extensions\redhat.java-1.54.0-win32-x64\server\plugins\org.eclipse.equinox.launcher_1.7.100.v20251111-0406.jar
Launcher Type: SUN_STANDARD

[Global flags]
    uintx AdaptiveSizePolicyWeight                 = 90                                        {product} {command line}
     intx CICompilerCount                          = 12                                        {product} {ergonomic}
    uintx GCTimeRatio                              = 4                                         {product} {command line}
     bool HeapDumpOnOutOfMemoryError               = true                                   {manageable} {command line}
    ccstr HeapDumpPath                             = c:\Users\Admin\AppData\Roaming\Code\User\workspaceStorage\89d3455fba0f2a929b94adba8e7c6a0e\redhat.java         {manageable} {command line}
   size_t InitialHeapSize                          = 104857600                                 {product} {command line}
   size_t MaxHeapSize                              = 2147483648                                {product} {command line}
   size_t MaxNewSize                               = 715653120                                 {product} {ergonomic}
   size_t MinHeapDeltaBytes                        = 524288                                    {product} {ergonomic}
   size_t MinHeapSize                              = 104857600                                 {product} {command line}
   size_t NewSize                                  = 34603008                                  {product} {ergonomic}
    uintx NonNMethodCodeHeapSize                   = 7602480                                {pd product} {ergonomic}
    uintx NonProfiledCodeHeapSize                  = 122027880                              {pd product} {ergonomic}
   size_t OldSize                                  = 70254592                                  {product} {ergonomic}
    uintx ProfiledCodeHeapSize                     = 122027880                              {pd product} {ergonomic}
    uintx ReservedCodeCacheSize                    = 251658240                              {pd product} {ergonomic}
     bool SegmentedCodeCache                       = true                                      {product} {ergonomic}
   size_t SoftMaxHeapSize                          = 2147483648                             {manageable} {ergonomic}
     bool UseCompressedOops                        = true                           {product lp64_product} {ergonomic}
     bool UseLargePagesIndividualAllocation        = false                                  {pd product} {ergonomic}
     bool UseParallelGC                            = true                                      {product} {command line}

Logging:
Log output configuration:
 #0: stdout all=off uptime,level,tags foldmultilines=false
 #1: stderr all=off uptime,level,tags foldmultilines=false

Release file:
IMPLEMENTOR="Eclipse Adoptium" 
IMPLEMENTOR_VERSION="Temurin-21.0.11+10" 
JAVA_RUNTIME_VERSION="21.0.11+10-LTS" 
JAVA_VERSION="21.0.11" 
JAVA_VERSION_DATE="2026-04-21" 
LIBC="default" 
MODULES="java.base java.compiler java.datatransfer java.xml java.prefs java.desktop java.instrument java.logging java.management java.security.sasl java.naming java.rmi java.management.rmi java.net.http java.scripting java.security.jgss java.transaction.xa java.sql java.sql.rowset java.xml.crypto java.se java.smartcardio jdk.accessibility jdk.internal.jvmstat jdk.attach jdk.charsets jdk.internal.opt jdk.zipfs jdk.compiler jdk.crypto.ec jdk.crypto.cryptoki jdk.crypto.mscapi jdk.dynalink jdk.internal.ed jdk.editpad jdk.hotspot.agent jdk.httpserver jdk.incubator.vector jdk.internal.le jdk.internal.vm.ci jdk.internal.vm.compiler jdk.internal.vm.compiler.management jdk.jartool jdk.javadoc jdk.jcmd jdk.management jdk.management.agent jdk.jconsole jdk.jdeps jdk.jdwp.agent jdk.jdi jdk.jfr jdk.jlink jdk.jpackage jdk.jshell jdk.jsobject jdk.jstatd jdk.localedata jdk.management.jfr jdk.naming.dns jdk.naming.rmi jdk.net jdk.nio.mapmode jdk.random jdk.sctp jdk.security.auth jdk.security.jgss jdk.unsupported jdk.unsupported.desktop jdk.xml.dom" 
OS_ARCH="x86_64" 
OS_NAME="Windows" 
SOURCE=".:git:254494ad7d75" 
BUILD_SOURCE="git:a612825ee82a20ac872d60958c349854c1f29a8e"
BUILD_SOURCE_REPO="https://github.com/adoptium/temurin-build.git"
SOURCE_REPO="https://github.com/adoptium/jdk21u.git"
FULL_VERSION="21.0.11+10-LTS"
SEMANTIC_VERSION="21.0.11+10"
BUILD_INFO="OS: Windows Server 2022 Version: 10.0"
JVM_VARIANT="Hotspot"
JVM_VERSION="21.0.11+10-LTS"
IMAGE_TYPE="JDK"

Environment Variables:
JAVA_HOME=C:\Program Files\Eclipse Adoptium\jdk-21.0.11.10-hotspot\
PATH=C:\Program Files\Eclipse Adoptium\jdk-21.0.11.10-hotspot\bin;C:\Program Files\Common Files\Oracle\Java\javapath;C:\Program Files (x86)\Common Files\Oracle\Java\java8path;C:\Program Files (x86)\Common Files\Oracle\Java\javapath;C:\Python313\Scripts\;C:\Python313\;C:\oracle\XE\dbhomeXE\bin;C:\Windows\system32;C:\Windows;C:\Windows\System32\Wbem;C:\Windows\System32\WindowsPowerShell\v1.0\;C:\Windows\System32\OpenSSH\;C:\Program Files\Docker\Docker\resources\bin;C:\Program Files\Git\cmd;C:\Program Files\nodejs\;C:\ProgramData\chocolatey\bin;C:\Users\Admin\AppData\Local\Microsoft\WindowsApps;C:\Users\Admin\AppData\Local\Programs\Microsoft VS Code\bin;C:\Users\Admin\AppData\Roaming\npm;C:\apache-maven-3.9.9\bin;C:\Python313\Scripts\;C:\Python313\;C:\oracle\XE\dbhomeXE\bin;C:\Windows\system32;C:\Windows;C:\Windows\System32\Wbem;C:\Windows\System32\WindowsPowerShell\v1.0\;C:\Windows\System32\OpenSSH\;C:\Program Files\Docker\Docker\resources\bin;C:\Program Files\Git\cmd;C:\Program Files\nodejs\;C:\ProgramData\chocolatey\bin;C:\Users\Admin\AppData\Local\Microsoft\WindowsApps;C:\Users\Admin\AppData\Local\Programs\Microsoft VS Code\bin;C:\User;C:\Users\Admin\AppData\Local\Programs\Python\Python313\Scripts\;C:\Users\Admin\AppData\Local\Programs\Python\Python313\;C:\Program Files\Common Files\Oracle\Java\javapath;C:\Python313\Scripts\;C:\Python313\;C:\oracle\XE\dbhomeXE\bin;C:\Windows\system32;C:\Windows;C:\Windows\System32\Wbem;C:\Windows\System32\WindowsPowerShell\v1.0\;C:\Windows\System32\OpenSSH\;C:\Program Files\Docker\Docker\resources\bin;C:\Program Files\Git\cmd;C:\Program Files\nodejs\;C:\ProgramData\chocolatey\bin;C:\Users\Admin\AppData\Local\Microsoft\WindowsApps;C:\Users\Admin\AppData\Local\Programs\Microsoft VS Code\bin;C:\Users\Admin\AppData\Roaming\npm;C:\apache-maven-3.9.9\bin;C:\Program Files\Common Files\Oracle\Java\javapath;C:\Python313\Scripts\;C:\Python313\;C:\oracle\XE\dbhomeXE\bin;C:\Windows\system32;C:\Windows;C:\Windows\System32\Wbem;C:\Windows\System32\WindowsPowerShell\v1.0\;C:\Windows\System32\OpenSSH\;C:\Program Files\Docker\Docker\resources\bin;C:\Program Files\Git\cmd;C:\Program Files\nodejs\;C:\ProgramData\chocolatey\bin;C:\Users\Admin\AppData\Local\Microsoft\WindowsApps;C:\Users\Admin\AppData\Local\Programs\Microsoft VS Code\bin;C:\User;C:\Program Files\Apache\Maven\apache-maven-3.9.11-bin\apache-maven-3.9.11\bin;C:\Users\Admin\.bun\bin;C:\Users\Admin\AppData\Local\Programs\Windsurf\bin
USERNAME=Admin
OS=Windows_NT
PROCESSOR_IDENTIFIER=Intel64 Family 6 Model 186 Stepping 2, GenuineIntel
TMP=C:\Users\Admin\AppData\Local\Temp
TEMP=C:\Users\Admin\AppData\Local\Temp




Periodic native trim disabled

---------------  S Y S T E M  ---------------

OS:
 Windows 11 , 64 bit Build 22621 (10.0.22621.3371)
OS uptime: 0 days 3:20 hours
Hyper-V role detected

CPU: total 20 (initial active 20) (10 cores per cpu, 2 threads per core) family 6 model 186 stepping 2 microcode 0x4122, cx8, cmov, fxsr, ht, mmx, 3dnowpref, sse, sse2, sse3, ssse3, sse4.1, sse4.2, popcnt, lzcnt, tsc, tscinvbit, avx, avx2, aes, erms, clmul, bmi1, bmi2, adx, sha, fma, vzeroupper, clflush, clflushopt, clwb, hv, serialize, rdtscp, rdpid, fsrm, f16c, cet_ibt, cet_ss
Processor Information for processor 0
  Max Mhz: 2600, Current Mhz: 2600, Mhz Limit: 2600
Processor Information for processor 1
  Max Mhz: 2600, Current Mhz: 2600, Mhz Limit: 2600
Processor Information for processor 2
  Max Mhz: 2600, Current Mhz: 2600, Mhz Limit: 2600
Processor Information for processor 3
  Max Mhz: 2600, Current Mhz: 2600, Mhz Limit: 2600
Processor Information for processor 4
  Max Mhz: 2600, Current Mhz: 2600, Mhz Limit: 2600
Processor Information for processor 5
  Max Mhz: 2600, Current Mhz: 2600, Mhz Limit: 2600
Processor Information for processor 6
  Max Mhz: 2600, Current Mhz: 2600, Mhz Limit: 2600
Processor Information for processor 7
  Max Mhz: 2600, Current Mhz: 2600, Mhz Limit: 2600
Processor Information for processor 8
  Max Mhz: 2600, Current Mhz: 2600, Mhz Limit: 2600
Processor Information for processor 9
  Max Mhz: 2600, Current Mhz: 2600, Mhz Limit: 2600
Processor Information for processor 10
  Max Mhz: 2600, Current Mhz: 2600, Mhz Limit: 2600
Processor Information for processor 11
  Max Mhz: 2600, Current Mhz: 2600, Mhz Limit: 2600
Processor Information for processor 12
  Max Mhz: 2600, Current Mhz: 1900, Mhz Limit: 1898
Processor Information for processor 13
  Max Mhz: 2600, Current Mhz: 1900, Mhz Limit: 1898
Processor Information for processor 14
  Max Mhz: 2600, Current Mhz: 1900, Mhz Limit: 1898
Processor Information for processor 15
  Max Mhz: 2600, Current Mhz: 1900, Mhz Limit: 1898
Processor Information for processor 16
  Max Mhz: 2600, Current Mhz: 1900, Mhz Limit: 1898
Processor Information for processor 17
  Max Mhz: 2600, Current Mhz: 1900, Mhz Limit: 1898
Processor Information for processor 18
  Max Mhz: 2600, Current Mhz: 1900, Mhz Limit: 1898
Processor Information for processor 19
  Max Mhz: 2600, Current Mhz: 1900, Mhz Limit: 1898

Memory: 4k page, system-wide physical 16048M (291M free)
TotalPageFile size 24240M (AvailPageFile size 32M)
current process WorkingSet (physical memory assigned to process): 429M, peak: 460M
current process commit charge ("private bytes"): 535M, peak: 562M

vm_info: OpenJDK 64-Bit Server VM (21.0.11+10-LTS) for windows-amd64 JRE (21.0.11+10-LTS), built on 2026-04-21T00:00:00Z by "admin" with MS VC++ 17.12 (VS2022)

END.
