#
# There is insufficient memory for the Java Runtime Environment to continue.
# Native memory allocation (malloc) failed to allocate 1048576 bytes. Error detail: AllocateHeap
# Possible reasons:
#   The system is out of physical RAM or swap space
#   This process is running with CompressedOops enabled, and the Java Heap may be blocking the growth of the native heap
# Possible solutions:
#   Reduce memory load on the system
#   Increase physical memory or swap space
#   Check if swap backing store is full
#   Decrease Java heap size (-Xmx/-Xms)
#   Decrease number of Java threads
#   Decrease Java thread stack sizes (-Xss)
#   Set larger code cache with -XX:ReservedCodeCacheSize=
#   JVM is running with Unscaled Compressed Oops mode in which the Java heap is
#     placed in the first 4GB address space. The Java Heap base address is the
#     maximum limit for the native heap growth. Please use -XX:HeapBaseMinAddress
#     to set the Java Heap base and to place the Java Heap above 4GB virtual address.
# This output file may be truncated or incomplete.
#
#  Out of Memory Error (allocation.cpp:44), pid=17532, tid=11972
#
# JRE version: OpenJDK Runtime Environment Temurin-21.0.11+10 (21.0.11+10) (build 21.0.11+10-LTS)
# Java VM: OpenJDK 64-Bit Server VM Temurin-21.0.11+10 (21.0.11+10-LTS, mixed mode, sharing, tiered, compressed oops, compressed class ptrs, parallel gc, windows-amd64)
# No core dump will be written. Minidumps are not enabled by default on client versions of Windows
#

---------------  S U M M A R Y ------------

Command Line: --add-modules=ALL-SYSTEM --add-opens=java.base/java.util=ALL-UNNAMED --add-opens=java.base/java.lang=ALL-UNNAMED --add-opens=java.base/sun.nio.fs=ALL-UNNAMED -Declipse.application=org.eclipse.jdt.ls.core.id1 -Dosgi.bundles.defaultStartLevel=4 -Declipse.product=org.eclipse.jdt.ls.core.product -Djava.import.generatesMetadataFilesAtProjectRoot=false -DDetectVMInstallationsJob.disabled=true -Dfile.encoding=utf8 -XX:+UseParallelGC -XX:GCTimeRatio=4 -XX:AdaptiveSizePolicyWeight=90 -Dsun.zip.disableMemoryMapping=true -Xmx2G -Xms100m -Xlog:disable -javaagent:c:\Users\Admin\.vscode\extensions\redhat.java-1.54.0-win32-x64\lombok\lombok-1.18.39-4050.jar -XX:+HeapDumpOnOutOfMemoryError -XX:HeapDumpPath=c:\Users\Admin\AppData\Roaming\Code\User\workspaceStorage\89d3455fba0f2a929b94adba8e7c6a0e\redhat.java -Daether.dependencyCollector.impl=bf c:\Users\Admin\.vscode\extensions\redhat.java-1.54.0-win32-x64\server\plugins\org.eclipse.equinox.launcher_1.7.100.v20251111-0406.jar -configuration c:\Users\Admin\AppData\Roaming\Code\User\globalStorage\redhat.java\1.54.0\config_win -data c:\Users\Admin\AppData\Roaming\Code\User\workspaceStorage\89d3455fba0f2a929b94adba8e7c6a0e\redhat.java\jdt_ws --pipe=\\.\pipe\lsp-c05fe5b664651515474083f83ef6c409-sock

Host: 13th Gen Intel(R) Core(TM) i9-13900H, 20 cores, 15G,  Windows 11 , 64 bit Build 22621 (10.0.22621.3371)
Time: Thu Jun 18 11:15:13 2026 Hora est. Pacífico, Sudamérica elapsed time: 8655.920351 seconds (0d 2h 24m 15s)

---------------  T H R E A D  ---------------

Current thread (0x0000021297a422c0):  JavaThread "Attach Listener" daemon [_thread_in_vm, id=11972, stack(0x000000298ad00000,0x000000298ae00000) (1024K)]

Stack: [0x000000298ad00000,0x000000298ae00000]
Native frames: (J=compiled Java code, j=interpreted, Vv=VM code, C=native code)
V  [jvm.dll+0x6d7e19]
V  [jvm.dll+0x8b5096]
V  [jvm.dll+0x8b764e]
V  [jvm.dll+0x8b7d33]
V  [jvm.dll+0x284596]
V  [jvm.dll+0xc13c7]
V  [jvm.dll+0x6d86c9]
V  [jvm.dll+0x133616]
V  [jvm.dll+0x3f868e]
V  [jvm.dll+0x85fb0d]
V  [jvm.dll+0x6d664d]
C  [ucrtbase.dll+0x29333]
C  [KERNEL32.DLL+0x1257d]
C  [ntdll.dll+0x5aa48]


---------------  P R O C E S S  ---------------

Threads class SMR info:
_java_thread_list=0x00000212ab66a730, length=67, elements={
0x00000212395262c0, 0x0000021297a3a400, 0x00000212394cbd20, 0x00000212394ce370,
0x0000021297a422c0, 0x0000021297a44040, 0x0000021297a44fb0, 0x0000021297a47970,
0x0000021297a5e4c0, 0x0000021297c74dd0, 0x000002129975a1b0, 0x000002129e2033b0,
0x000002129e28e600, 0x000002129e29fbc0, 0x000002129e27dde0, 0x000002129e8c90e0,
0x000002129e110010, 0x000002129e9167b0, 0x000002129e58c0a0, 0x000002129e58cdc0,
0x000002129e58f520, 0x000002129ff3c3b0, 0x000002129ff3eb10, 0x000002129ff3d760,
0x000002129ff3d0d0, 0x000002129ff3bd20, 0x000002129ff3f1a0, 0x000002129ff3ca40,
0x000002129ff3ddf0, 0x000002129ff3e480, 0x000002129ece9d00, 0x000002129ececaf0,
0x000002129ece8fe0, 0x000002129ecea390, 0x000002129ece9670, 0x000002129eceaa20,
0x000002129eceb0b0, 0x000002129eceb740, 0x000002129eced810, 0x000002129ecedea0,
0x000002129ecee530, 0x000002129ece8950, 0x000002129fe44390, 0x000002129fe44a20,
0x00000212ac190c10, 0x000002129fe450b0, 0x000002129fe40880, 0x000002129fe43670,
0x000002129fe43d00, 0x000002129fe422c0, 0x000002129fe47180, 0x000002129fe47ea0,
0x000002129fe40f10, 0x000002129fe415a0, 0x000002129fe46af0, 0x000002129fe41c30,
0x00000212ac18a310, 0x00000212ac18b6c0, 0x00000212ac189c80, 0x00000212ac18d790,
0x00000212ac18c3e0, 0x00000212ac18b030, 0x00000212ac18ca70, 0x00000212ac18d100,
0x00000212ac1912a0, 0x00000212ac18f860, 0x00000212ac18de20
}

Java Threads: ( => current thread )
  0x00000212395262c0 JavaThread "main"                              [_thread_blocked, id=17756, stack(0x000000298a600000,0x000000298a700000) (1024K)]
  0x0000021297a3a400 JavaThread "Reference Handler"          daemon [_thread_blocked, id=6940, stack(0x000000298aa00000,0x000000298ab00000) (1024K)]
  0x00000212394cbd20 JavaThread "Finalizer"                  daemon [_thread_blocked, id=11980, stack(0x000000298ab00000,0x000000298ac00000) (1024K)]
  0x00000212394ce370 JavaThread "Signal Dispatcher"          daemon [_thread_blocked, id=5280, stack(0x000000298ac00000,0x000000298ad00000) (1024K)]
=>0x0000021297a422c0 JavaThread "Attach Listener"            daemon [_thread_in_vm, id=11972, stack(0x000000298ad00000,0x000000298ae00000) (1024K)]
  0x0000021297a44040 JavaThread "Service Thread"             daemon [_thread_blocked, id=11660, stack(0x000000298ae00000,0x000000298af00000) (1024K)]
  0x0000021297a44fb0 JavaThread "Monitor Deflation Thread"   daemon [_thread_blocked, id=1856, stack(0x000000298af00000,0x000000298b000000) (1024K)]
  0x0000021297a47970 JavaThread "C2 CompilerThread0"         daemon [_thread_blocked, id=11496, stack(0x000000298b000000,0x000000298b100000) (1024K)]
  0x0000021297a5e4c0 JavaThread "C1 CompilerThread0"         daemon [_thread_blocked, id=14024, stack(0x000000298b100000,0x000000298b200000) (1024K)]
  0x0000021297c74dd0 JavaThread "Common-Cleaner"             daemon [_thread_blocked, id=16440, stack(0x000000298b400000,0x000000298b500000) (1024K)]
  0x000002129975a1b0 JavaThread "Notification Thread"        daemon [_thread_blocked, id=16060, stack(0x000000298b600000,0x000000298b700000) (1024K)]
  0x000002129e2033b0 JavaThread "Active Thread: Equinox Container: c2ae8bc8-1d6c-4c90-b856-39e07e7f88ea"        [_thread_blocked, id=8648, stack(0x000000298bd00000,0x000000298be00000) (1024K)]
  0x000002129e28e600 JavaThread "Refresh Thread: Equinox Container: c2ae8bc8-1d6c-4c90-b856-39e07e7f88ea" daemon [_thread_blocked, id=5364, stack(0x000000298bf00000,0x000000298c000000) (1024K)]
  0x000002129e29fbc0 JavaThread "Framework Event Dispatcher: Equinox Container: c2ae8bc8-1d6c-4c90-b856-39e07e7f88ea" daemon [_thread_blocked, id=4760, stack(0x000000298c000000,0x000000298c100000) (1024K)]
  0x000002129e27dde0 JavaThread "Start Level: Equinox Container: c2ae8bc8-1d6c-4c90-b856-39e07e7f88ea" daemon [_thread_blocked, id=8052, stack(0x000000298c100000,0x000000298c200000) (1024K)]
  0x000002129e8c90e0 JavaThread "Bundle File Closer"         daemon [_thread_blocked, id=17456, stack(0x000000298c500000,0x000000298c600000) (1024K)]
  0x000002129e110010 JavaThread "SCR Component Actor"        daemon [_thread_blocked, id=13364, stack(0x000000298c600000,0x000000298c700000) (1024K)]
  0x000002129e9167b0 JavaThread "Worker-JM"                         [_thread_blocked, id=9844, stack(0x000000298c700000,0x000000298c800000) (1024K)]
  0x000002129e58c0a0 JavaThread "JNA Cleaner"                daemon [_thread_blocked, id=8280, stack(0x000000298ca00000,0x000000298cb00000) (1024K)]
  0x000002129e58cdc0 JavaThread "Java indexing"              daemon [_thread_blocked, id=8204, stack(0x000000298d000000,0x000000298d100000) (1024K)]
  0x000002129e58f520 JavaThread "Thread-1"                   daemon [_thread_in_native, id=8272, stack(0x000000298d500000,0x000000298d600000) (1024K)]
  0x000002129ff3c3b0 JavaThread "Thread-2"                   daemon [_thread_in_native, id=8264, stack(0x000000298d600000,0x000000298d700000) (1024K)]
  0x000002129ff3eb10 JavaThread "Thread-3"                   daemon [_thread_in_native, id=8292, stack(0x000000298d700000,0x000000298d800000) (1024K)]
  0x000002129ff3d760 JavaThread "Thread-4"                   daemon [_thread_in_native, id=13380, stack(0x000000298d800000,0x000000298d900000) (1024K)]
  0x000002129ff3d0d0 JavaThread "Thread-5"                   daemon [_thread_in_native, id=9396, stack(0x000000298d900000,0x000000298da00000) (1024K)]
  0x000002129ff3bd20 JavaThread "Thread-6"                   daemon [_thread_in_native, id=9428, stack(0x000000298da00000,0x000000298db00000) (1024K)]
  0x000002129ff3f1a0 JavaThread "Thread-7"                   daemon [_thread_in_native, id=14116, stack(0x000000298db00000,0x000000298dc00000) (1024K)]
  0x000002129ff3ca40 JavaThread "Thread-8"                   daemon [_thread_in_native, id=3148, stack(0x000000298dc00000,0x000000298dd00000) (1024K)]
  0x000002129ff3ddf0 JavaThread "Thread-9"                   daemon [_thread_in_native, id=11524, stack(0x000000298dd00000,0x000000298de00000) (1024K)]
  0x000002129ff3e480 JavaThread "Thread-10"                  daemon [_thread_in_native, id=17216, stack(0x000000298de00000,0x000000298df00000) (1024K)]
  0x000002129ece9d00 JavaThread "Thread-11"                  daemon [_thread_in_native, id=8488, stack(0x000000298df00000,0x000000298e000000) (1024K)]
  0x000002129ececaf0 JavaThread "Thread-12"                  daemon [_thread_in_native, id=9092, stack(0x000000298e000000,0x000000298e100000) (1024K)]
  0x000002129ece8fe0 JavaThread "Thread-13"                  daemon [_thread_in_native, id=8676, stack(0x000000298e100000,0x000000298e200000) (1024K)]
  0x000002129ecea390 JavaThread "Thread-14"                  daemon [_thread_in_native, id=3028, stack(0x000000298e200000,0x000000298e300000) (1024K)]
  0x000002129ece9670 JavaThread "Thread-15"                  daemon [_thread_in_native, id=8260, stack(0x000000298e300000,0x000000298e400000) (1024K)]
  0x000002129eceaa20 JavaThread "Thread-16"                  daemon [_thread_in_native, id=13340, stack(0x000000298e400000,0x000000298e500000) (1024K)]
  0x000002129eceb0b0 JavaThread "Thread-17"                  daemon [_thread_in_native, id=13332, stack(0x000000298e500000,0x000000298e600000) (1024K)]
  0x000002129eceb740 JavaThread "Thread-18"                  daemon [_thread_in_native, id=13336, stack(0x000000298e600000,0x000000298e700000) (1024K)]
  0x000002129eced810 JavaThread "Thread-19"                  daemon [_thread_in_native, id=13344, stack(0x000000298e700000,0x000000298e800000) (1024K)]
  0x000002129ecedea0 JavaThread "Thread-20"                  daemon [_thread_in_native, id=13348, stack(0x000000298e800000,0x000000298e900000) (1024K)]
  0x000002129ecee530 JavaThread "Thread-21"                  daemon [_thread_in_native, id=13352, stack(0x000000298e900000,0x000000298ea00000) (1024K)]
  0x000002129ece8950 JavaThread "pool-2-thread-1"                   [_thread_blocked, id=3968, stack(0x000000298ea00000,0x000000298eb00000) (1024K)]
  0x000002129fe44390 JavaThread "WorkspaceEventsHandler"            [_thread_blocked, id=2040, stack(0x000000298ff00000,0x0000002990000000) (1024K)]
  0x000002129fe44a20 JavaThread "pool-1-thread-1"                   [_thread_blocked, id=13316, stack(0x0000002990000000,0x0000002990100000) (1024K)]
  0x00000212ac190c10 JavaThread "Cleaner-0"                  daemon [_thread_blocked, id=8652, stack(0x0000002993800000,0x0000002993900000) (1024K)]
  0x000002129fe450b0 JavaThread "Worker-9"                          [_thread_blocked, id=16736, stack(0x000000298ee00000,0x000000298ef00000) (1024K)]
  0x000002129fe40880 JavaThread "Worker-10"                         [_thread_blocked, id=19024, stack(0x000000298a300000,0x000000298a400000) (1024K)]
  0x000002129fe43670 JavaThread "HttpClient-1-SelectorManager" daemon [_thread_in_native, id=6944, stack(0x000000298cf00000,0x000000298d000000) (1024K)]
  0x000002129fe43d00 JavaThread "ForkJoinPool.commonPool-worker-41" daemon [_thread_blocked, id=18024, stack(0x000000298a400000,0x000000298a500000) (1024K)]
  0x000002129fe422c0 JavaThread "ForkJoinPool.commonPool-worker-42" daemon [_thread_blocked, id=6216, stack(0x000000298a500000,0x000000298a600000) (1024K)]
  0x000002129fe47180 JavaThread "ForkJoinPool.commonPool-worker-43" daemon [_thread_blocked, id=5584, stack(0x000000298b200000,0x000000298b300000) (1024K)]
  0x000002129fe47ea0 JavaThread "ForkJoinPool.commonPool-worker-45" daemon [_thread_blocked, id=17872, stack(0x000000298cb00000,0x000000298cc00000) (1024K)]
  0x000002129fe40f10 JavaThread "ForkJoinPool.commonPool-worker-46" daemon [_thread_blocked, id=9720, stack(0x000000298cc00000,0x000000298cd00000) (1024K)]
  0x000002129fe415a0 JavaThread "ForkJoinPool.commonPool-worker-47" daemon [_thread_blocked, id=11280, stack(0x000000298ce00000,0x000000298cf00000) (1024K)]
  0x000002129fe46af0 JavaThread "ForkJoinPool.commonPool-worker-48" daemon [_thread_blocked, id=17556, stack(0x000000298d200000,0x000000298d300000) (1024K)]
  0x000002129fe41c30 JavaThread "ForkJoinPool.commonPool-worker-49" daemon [_thread_blocked, id=14216, stack(0x000000298d300000,0x000000298d400000) (1024K)]
  0x00000212ac18a310 JavaThread "ForkJoinPool.commonPool-worker-50" daemon [_thread_blocked, id=19436, stack(0x000000298d400000,0x000000298d500000) (1024K)]
  0x00000212ac18b6c0 JavaThread "ForkJoinPool.commonPool-worker-51" daemon [_thread_blocked, id=11676, stack(0x000000298eb00000,0x000000298ec00000) (1024K)]
  0x00000212ac189c80 JavaThread "ForkJoinPool.commonPool-worker-52" daemon [_thread_blocked, id=19816, stack(0x000000298ec00000,0x000000298ed00000) (1024K)]
  0x00000212ac18d790 JavaThread "ForkJoinPool.commonPool-worker-54" daemon [_thread_blocked, id=16596, stack(0x000000298ed00000,0x000000298ee00000) (1024K)]
  0x00000212ac18c3e0 JavaThread "ForkJoinPool.commonPool-worker-53" daemon [_thread_blocked, id=6168, stack(0x000000298ef00000,0x000000298f000000) (1024K)]
  0x00000212ac18b030 JavaThread "ForkJoinPool.commonPool-worker-55" daemon [_thread_blocked, id=18924, stack(0x000000298f000000,0x000000298f100000) (1024K)]
  0x00000212ac18ca70 JavaThread "ForkJoinPool.commonPool-worker-56" daemon [_thread_blocked, id=4012, stack(0x000000298f100000,0x000000298f200000) (1024K)]
  0x00000212ac18d100 JavaThread "ForkJoinPool.commonPool-worker-57" daemon [_thread_blocked, id=16608, stack(0x000000298f200000,0x000000298f300000) (1024K)]
  0x00000212ac1912a0 JavaThread "ForkJoinPool.commonPool-worker-58" daemon [_thread_blocked, id=13136, stack(0x000000298f300000,0x000000298f400000) (1024K)]
  0x00000212ac18f860 JavaThread "ForkJoinPool.commonPool-worker-59" daemon [_thread_blocked, id=1948, stack(0x000000298f400000,0x000000298f500000) (1024K)]
  0x00000212ac18de20 JavaThread "ForkJoinPool.commonPool-worker-60" daemon [_thread_blocked, id=15928, stack(0x000000298f500000,0x000000298f600000) (1024K)]
Total: 67

Other Threads:
  0x00000212395dea00 VMThread "VM Thread"                           [id=4824, stack(0x000000298a900000,0x000000298aa00000) (1024K)]
  0x000002123958f6d0 WatcherThread "VM Periodic Task Thread"        [id=9888, stack(0x000000298a800000,0x000000298a900000) (1024K)]
  0x0000021239544990 WorkerThread "GC Thread#0"                     [id=9512, stack(0x000000298a700000,0x000000298a800000) (1024K)]
  0x0000021299ce4da0 WorkerThread "GC Thread#1"                     [id=8460, stack(0x000000298b700000,0x000000298b800000) (1024K)]
  0x0000021299ce63c0 WorkerThread "GC Thread#2"                     [id=16488, stack(0x000000298b800000,0x000000298b900000) (1024K)]
  0x0000021299ce6010 WorkerThread "GC Thread#3"                     [id=11440, stack(0x000000298b900000,0x000000298ba00000) (1024K)]
  0x0000021299ce5150 WorkerThread "GC Thread#4"                     [id=16592, stack(0x000000298ba00000,0x000000298bb00000) (1024K)]
  0x0000021299ce49f0 WorkerThread "GC Thread#5"                     [id=8796, stack(0x000000298bb00000,0x000000298bc00000) (1024K)]
  0x0000021299ce5500 WorkerThread "GC Thread#6"                     [id=12588, stack(0x000000298bc00000,0x000000298bd00000) (1024K)]
  0x0000021299ce5c60 WorkerThread "GC Thread#7"                     [id=9692, stack(0x000000298be00000,0x000000298bf00000) (1024K)]
  0x000002129e4ad5d0 WorkerThread "GC Thread#8"                     [id=15460, stack(0x000000298c200000,0x000000298c300000) (1024K)]
  0x000002129e4af700 WorkerThread "GC Thread#9"                     [id=16016, stack(0x000000298c300000,0x000000298c400000) (1024K)]
  0x000002129e4ad980 WorkerThread "GC Thread#10"                    [id=17892, stack(0x000000298c400000,0x000000298c500000) (1024K)]
  0x000002129e4afe60 WorkerThread "GC Thread#11"                    [id=13356, stack(0x000000298b500000,0x000000298b600000) (1024K)]
  0x000002129e4afab0 WorkerThread "GC Thread#12"                    [id=9416, stack(0x000000298c800000,0x000000298c900000) (1024K)]
  0x000002129e4aebf0 WorkerThread "GC Thread#13"                    [id=9420, stack(0x000000298c900000,0x000000298ca00000) (1024K)]
  0x000002129e4add30 WorkerThread "GC Thread#14"                    [id=8696, stack(0x000000298cd00000,0x000000298ce00000) (1024K)]
Total: 17

Threads with active compile tasks:
Total: 0

VM state: not at safepoint (normal execution)

VM Mutex/Monitor currently owned by a thread: None

Heap address: 0x0000000080000000, size: 2048 MB, Compressed Oops mode: 32-bit

CDS archive(s) mapped at: [0x0000021256000000-0x0000021256c80000-0x0000021256c80000), size 13107200, SharedBaseAddress: 0x0000021256000000, ArchiveRelocationMode: 1.
Compressed class space mapped at: 0x0000021257000000-0x0000021297000000, reserved size: 1073741824
Narrow klass base: 0x0000021256000000, Narrow klass shift: 0, Narrow klass range: 0x100000000

GC Precious Log:
 CardTable entry size: 512
 CPUs: 20 total, 20 available
 Memory: 16048M
 Large Page Support: Disabled
 NUMA Support: Disabled
 Compressed Oops: Enabled (32-bit)
 Alignments: Space 512K, Generation 512K, Heap 2M
 Heap Min Capacity: 100M
 Heap Initial Capacity: 100M
 Heap Max Capacity: 2G
 Pre-touch: Disabled
 Parallel Workers: 15

Heap:
 PSYoungGen      total 3072K, used 1588K [0x00000000d5580000, 0x00000000d5a80000, 0x0000000100000000)
  eden space 2048K, 27% used [0x00000000d5580000,0x00000000d560d3c0,0x00000000d5780000)
  from space 1024K, 100% used [0x00000000d5900000,0x00000000d5a00000,0x00000000d5a00000)
  to   space 1536K, 0% used [0x00000000d5780000,0x00000000d5780000,0x00000000d5900000)
 ParOldGen       total 431616K, used 431199K [0x0000000080000000, 0x000000009a580000, 0x00000000d5580000)
  object space 431616K, 99% used [0x0000000080000000,0x000000009a517c60,0x000000009a580000)
 Metaspace       used 89375K, committed 91200K, reserved 1179648K
  class space    used 8986K, committed 9728K, reserved 1048576K

Card table byte_map: [0x0000021238ec0000,0x00000212392d0000] _byte_map_base: 0x0000021238ac0000

Marking Bits: (ParMarkBitMap*) 0x00007ffa8d354460
 Begin Bits: [0x0000021250ef0000, 0x0000021252ef0000)
 End Bits:   [0x0000021252ef0000, 0x0000021254ef0000)

Polling page: 0x00000212372a0000

Metaspace:

Usage:
  Non-class:     78.50 MB used.
      Class:      8.78 MB used.
       Both:     87.28 MB used.

Virtual space:
  Non-class space:      128.00 MB reserved,      79.56 MB ( 62%) committed,  2 nodes.
      Class space:        1.00 GB reserved,       9.50 MB ( <1%) committed,  1 nodes.
             Both:        1.12 GB reserved,      89.06 MB (  8%) committed. 

Chunk freelists:
   Non-Class:  32.00 KB
       Class:  6.38 MB
        Both:  6.41 MB

MaxMetaspaceSize: unlimited
CompressedClassSpaceSize: 1.00 GB
Initial GC threshold: 21.00 MB
Current GC threshold: 126.81 MB
CDS: on
 - commit_granule_bytes: 65536.
 - commit_granule_words: 8192.
 - virtual_space_node_default_size: 8388608.
 - enlarge_chunks_in_place: 1.
 - use_allocation_guard: 0.


Internal statistics:

num_allocs_failed_limit: 9.
num_arena_births: 1752.
num_arena_deaths: 22.
num_vsnodes_births: 3.
num_vsnodes_deaths: 0.
num_space_committed: 1425.
num_space_uncommitted: 0.
num_chunks_returned_to_freelist: 35.
num_chunks_taken_from_freelist: 5956.
num_chunk_merges: 14.
num_chunk_splits: 3648.
num_chunks_enlarged: 2030.
num_inconsistent_stats: 0.

CodeHeap 'non-profiled nmethods': size=119168Kb used=16773Kb max_used=16773Kb free=102394Kb
 bounds [0x00000212497e0000, 0x000002124a850000, 0x0000021250c40000]
CodeHeap 'profiled nmethods': size=119104Kb used=48456Kb max_used=48456Kb free=70647Kb
 bounds [0x0000021241c40000, 0x0000021244ba0000, 0x0000021249090000]
CodeHeap 'non-nmethods': size=7488Kb used=1516Kb max_used=3247Kb free=5971Kb
 bounds [0x0000021249090000, 0x00000212493e0000, 0x00000212497e0000]
CodeCache: size=245760Kb, used=66745Kb, max_used=68476Kb, free=179012Kb
 total_blobs=19943, nmethods=19108, adapters=739, full_count=0
Compilation: enabled, stopped_count=0, restarted_count=0

Compilation events (20 events):
Event: 8609.296 Thread 0x0000021297a5e4c0 nmethod 20555 0x0000021244b89a90 code [0x0000021244b89e60, 0x0000021244b8b720]
Event: 8609.296 Thread 0x0000021297a5e4c0 20556       3       org.eclipse.jdt.internal.core.index.EntryResult::getDocumentNames (249 bytes)
Event: 8609.296 Thread 0x0000021297a5e4c0 nmethod 20556 0x0000021244b8c190 code [0x0000021244b8c440, 0x0000021244b8d2d8]
Event: 8609.301 Thread 0x0000021297a5e4c0 20558  s    3       org.eclipse.jdt.internal.core.search.matching.TypeDeclarationPattern$PackageNameSet::add (81 bytes)
Event: 8609.302 Thread 0x0000021297a5e4c0 nmethod 20558 0x0000021244b8d910 code [0x0000021244b8db20, 0x0000021244b8e1f0]
Event: 8609.302 Thread 0x0000021297a5e4c0 20560       3       org.eclipse.jdt.internal.core.search.PatternSearchJob$$Lambda/0x00000212573eb500::accept (12 bytes)
Event: 8609.302 Thread 0x0000021297a5e4c0 nmethod 20560 0x0000021244b8e490 code [0x0000021244b8e640, 0x0000021244b8e878]
Event: 8609.302 Thread 0x0000021297a5e4c0 20561       3       org.eclipse.jdt.internal.core.search.PatternSearchJob::lambda$1 (37 bytes)
Event: 8609.302 Thread 0x0000021297a5e4c0 nmethod 20561 0x0000021244b8e990 code [0x0000021244b8eb60, 0x0000021244b8ee50]
Event: 8609.302 Thread 0x0000021297a5e4c0 20562       3       org.eclipse.jdt.internal.core.search.BasicSearchEngine$5::acceptIndexMatch (288 bytes)
Event: 8609.302 Thread 0x0000021297a5e4c0 nmethod 20562 0x0000021244b8ef90 code [0x0000021244b8f220, 0x0000021244b8fd68]
Event: 8609.303 Thread 0x0000021297a5e4c0 20563       3       org.eclipse.jdt.internal.core.search.BasicSearchEngine::match (154 bytes)
Event: 8609.303 Thread 0x0000021297a5e4c0 nmethod 20563 0x0000021244b90110 code [0x0000021244b90320, 0x0000021244b90938]
Event: 8609.303 Thread 0x0000021297a5e4c0 20557       3       org.eclipse.jdt.internal.core.search.matching.TypeDeclarationPattern::decodeIndexKey (184 bytes)
Event: 8609.303 Thread 0x0000021297a5e4c0 nmethod 20557 0x0000021244b90a10 code [0x0000021244b90c60, 0x0000021244b91370]
Event: 8609.303 Thread 0x0000021297a5e4c0 20559       3       org.eclipse.jdt.internal.core.search.matching.TypeDeclarationPattern::getBlankPattern (10 bytes)
Event: 8609.303 Thread 0x0000021297a5e4c0 nmethod 20559 0x0000021244b91610 code [0x0000021244b917c0, 0x0000021244b91a28]
Event: 8609.303 Thread 0x0000021297a5e4c0 20564       3       org.eclipse.jdt.internal.core.SearchableEnvironment$4::acceptType (56 bytes)
Event: 8609.303 Thread 0x0000021297a5e4c0 nmethod 20564 0x0000021244b91b10 code [0x0000021244b91ce0, 0x0000021244b920b0]
Event: 8609.428 Thread 0x0000021297a47970 nmethod 20533 0x000002124a833b10 code [0x000002124a834400, 0x000002124a83d250]

GC Heap History (20 events):
Event: 8609.110 GC heap before
{Heap before GC invocations=469 (full 4):
 PSYoungGen      total 2560K, used 2544K [0x00000000d5580000, 0x00000000d5980000, 0x0000000100000000)
  eden space 2048K, 100% used [0x00000000d5580000,0x00000000d5780000,0x00000000d5780000)
  from space 512K, 96% used [0x00000000d5880000,0x00000000d58fc010,0x00000000d5900000)
  to   space 1024K, 0% used [0x00000000d5780000,0x00000000d5780000,0x00000000d5880000)
 ParOldGen       total 423936K, used 423429K [0x0000000080000000, 0x0000000099e00000, 0x00000000d5580000)
  object space 423936K, 99% used [0x0000000080000000,0x0000000099d814c0,0x0000000099e00000)
 Metaspace       used 89273K, committed 91136K, reserved 1179648K
  class space    used 8978K, committed 9728K, reserved 1048576K
}
Event: 8609.112 GC heap after
{Heap after GC invocations=469 (full 4):
 PSYoungGen      total 3072K, used 1022K [0x00000000d5580000, 0x00000000d5c80000, 0x0000000100000000)
  eden space 2048K, 0% used [0x00000000d5580000,0x00000000d5580000,0x00000000d5780000)
  from space 1024K, 99% used [0x00000000d5780000,0x00000000d587f960,0x00000000d5880000)
  to   space 2560K, 0% used [0x00000000d5a00000,0x00000000d5a00000,0x00000000d5c80000)
 ParOldGen       total 424448K, used 424381K [0x0000000080000000, 0x0000000099e80000, 0x00000000d5580000)
  object space 424448K, 99% used [0x0000000080000000,0x0000000099e6f4e0,0x0000000099e80000)
 Metaspace       used 89273K, committed 91136K, reserved 1179648K
  class space    used 8978K, committed 9728K, reserved 1048576K
}
Event: 8609.119 GC heap before
{Heap before GC invocations=470 (full 4):
 PSYoungGen      total 3072K, used 3070K [0x00000000d5580000, 0x00000000d5c80000, 0x0000000100000000)
  eden space 2048K, 100% used [0x00000000d5580000,0x00000000d5780000,0x00000000d5780000)
  from space 1024K, 99% used [0x00000000d5780000,0x00000000d587f960,0x00000000d5880000)
  to   space 2560K, 0% used [0x00000000d5a00000,0x00000000d5a00000,0x00000000d5c80000)
 ParOldGen       total 424448K, used 424381K [0x0000000080000000, 0x0000000099e80000, 0x00000000d5580000)
  object space 424448K, 99% used [0x0000000080000000,0x0000000099e6f4e0,0x0000000099e80000)
 Metaspace       used 89278K, committed 91136K, reserved 1179648K
  class space    used 8978K, committed 9728K, reserved 1048576K
}
Event: 8609.120 GC heap after
{Heap after GC invocations=470 (full 4):
 PSYoungGen      total 3584K, used 1248K [0x00000000d5580000, 0x00000000d5b80000, 0x0000000100000000)
  eden space 2048K, 0% used [0x00000000d5580000,0x00000000d5580000,0x00000000d5780000)
  from space 1536K, 81% used [0x00000000d5a00000,0x00000000d5b38000,0x00000000d5b80000)
  to   space 1536K, 0% used [0x00000000d5880000,0x00000000d5880000,0x00000000d5a00000)
 ParOldGen       total 425472K, used 425275K [0x0000000080000000, 0x0000000099f80000, 0x00000000d5580000)
  object space 425472K, 99% used [0x0000000080000000,0x0000000099f4ee40,0x0000000099f80000)
 Metaspace       used 89278K, committed 91136K, reserved 1179648K
  class space    used 8978K, committed 9728K, reserved 1048576K
}
Event: 8609.125 GC heap before
{Heap before GC invocations=471 (full 4):
 PSYoungGen      total 3584K, used 3296K [0x00000000d5580000, 0x00000000d5b80000, 0x0000000100000000)
  eden space 2048K, 100% used [0x00000000d5580000,0x00000000d5780000,0x00000000d5780000)
  from space 1536K, 81% used [0x00000000d5a00000,0x00000000d5b38000,0x00000000d5b80000)
  to   space 1536K, 0% used [0x00000000d5880000,0x00000000d5880000,0x00000000d5a00000)
 ParOldGen       total 425472K, used 425275K [0x0000000080000000, 0x0000000099f80000, 0x00000000d5580000)
  object space 425472K, 99% used [0x0000000080000000,0x0000000099f4ee40,0x0000000099f80000)
 Metaspace       used 89278K, committed 91136K, reserved 1179648K
  class space    used 8978K, committed 9728K, reserved 1048576K
}
Event: 8609.128 GC heap after
{Heap after GC invocations=471 (full 4):
 PSYoungGen      total 3072K, used 1024K [0x00000000d5580000, 0x00000000d5a80000, 0x0000000100000000)
  eden space 2048K, 0% used [0x00000000d5580000,0x00000000d5580000,0x00000000d5780000)
  from space 1024K, 100% used [0x00000000d5880000,0x00000000d5980000,0x00000000d5980000)
  to   space 1024K, 0% used [0x00000000d5980000,0x00000000d5980000,0x00000000d5a80000)
 ParOldGen       total 426496K, used 426307K [0x0000000080000000, 0x000000009a080000, 0x00000000d5580000)
  object space 426496K, 99% used [0x0000000080000000,0x000000009a050e40,0x000000009a080000)
 Metaspace       used 89278K, committed 91136K, reserved 1179648K
  class space    used 8978K, committed 9728K, reserved 1048576K
}
Event: 8609.257 GC heap before
{Heap before GC invocations=472 (full 4):
 PSYoungGen      total 3072K, used 3072K [0x00000000d5580000, 0x00000000d5a80000, 0x0000000100000000)
  eden space 2048K, 100% used [0x00000000d5580000,0x00000000d5780000,0x00000000d5780000)
  from space 1024K, 100% used [0x00000000d5880000,0x00000000d5980000,0x00000000d5980000)
  to   space 1024K, 0% used [0x00000000d5980000,0x00000000d5980000,0x00000000d5a80000)
 ParOldGen       total 426496K, used 426307K [0x0000000080000000, 0x000000009a080000, 0x00000000d5580000)
  object space 426496K, 99% used [0x0000000080000000,0x000000009a050e40,0x000000009a080000)
 Metaspace       used 89340K, committed 91136K, reserved 1179648K
  class space    used 8986K, committed 9728K, reserved 1048576K
}
Event: 8609.260 GC heap after
{Heap after GC invocations=472 (full 4):
 PSYoungGen      total 3072K, used 1018K [0x00000000d5580000, 0x00000000d5b80000, 0x0000000100000000)
  eden space 2048K, 0% used [0x00000000d5580000,0x00000000d5580000,0x00000000d5780000)
  from space 1024K, 99% used [0x00000000d5980000,0x00000000d5a7e900,0x00000000d5a80000)
  to   space 2048K, 0% used [0x00000000d5780000,0x00000000d5780000,0x00000000d5980000)
 ParOldGen       total 427520K, used 427107K [0x0000000080000000, 0x000000009a180000, 0x00000000d5580000)
  object space 427520K, 99% used [0x0000000080000000,0x000000009a118e40,0x000000009a180000)
 Metaspace       used 89340K, committed 91136K, reserved 1179648K
  class space    used 8986K, committed 9728K, reserved 1048576K
}
Event: 8609.266 GC heap before
{Heap before GC invocations=473 (full 4):
 PSYoungGen      total 3072K, used 3066K [0x00000000d5580000, 0x00000000d5b80000, 0x0000000100000000)
  eden space 2048K, 99% used [0x00000000d5580000,0x00000000d577ffe0,0x00000000d5780000)
  from space 1024K, 99% used [0x00000000d5980000,0x00000000d5a7e900,0x00000000d5a80000)
  to   space 2048K, 0% used [0x00000000d5780000,0x00000000d5780000,0x00000000d5980000)
 ParOldGen       total 427520K, used 427107K [0x0000000080000000, 0x000000009a180000, 0x00000000d5580000)
  object space 427520K, 99% used [0x0000000080000000,0x000000009a118e40,0x000000009a180000)
 Metaspace       used 89341K, committed 91136K, reserved 1179648K
  class space    used 8986K, committed 9728K, reserved 1048576K
}
Event: 8609.268 GC heap after
{Heap after GC invocations=473 (full 4):
 PSYoungGen      total 2560K, used 480K [0x00000000d5580000, 0x00000000d5a00000, 0x0000000100000000)
  eden space 2048K, 0% used [0x00000000d5580000,0x00000000d5580000,0x00000000d5780000)
  from space 512K, 93% used [0x00000000d5780000,0x00000000d57f8000,0x00000000d5800000)
  to   space 1024K, 0% used [0x00000000d5900000,0x00000000d5900000,0x00000000d5a00000)
 ParOldGen       total 428032K, used 427848K [0x0000000080000000, 0x000000009a200000, 0x00000000d5580000)
  object space 428032K, 99% used [0x0000000080000000,0x000000009a1d2040,0x000000009a200000)
 Metaspace       used 89341K, committed 91136K, reserved 1179648K
  class space    used 8986K, committed 9728K, reserved 1048576K
}
Event: 8609.271 GC heap before
{Heap before GC invocations=474 (full 4):
 PSYoungGen      total 2560K, used 2528K [0x00000000d5580000, 0x00000000d5a00000, 0x0000000100000000)
  eden space 2048K, 100% used [0x00000000d5580000,0x00000000d5780000,0x00000000d5780000)
  from space 512K, 93% used [0x00000000d5780000,0x00000000d57f8000,0x00000000d5800000)
  to   space 1024K, 0% used [0x00000000d5900000,0x00000000d5900000,0x00000000d5a00000)
 ParOldGen       total 428032K, used 427848K [0x0000000080000000, 0x000000009a200000, 0x00000000d5580000)
  object space 428032K, 99% used [0x0000000080000000,0x000000009a1d2040,0x000000009a200000)
 Metaspace       used 89341K, committed 91136K, reserved 1179648K
  class space    used 8986K, committed 9728K, reserved 1048576K
}
Event: 8609.272 GC heap after
{Heap after GC invocations=474 (full 4):
 PSYoungGen      total 2560K, used 176K [0x00000000d5580000, 0x00000000d5980000, 0x0000000100000000)
  eden space 2048K, 0% used [0x00000000d5580000,0x00000000d5580000,0x00000000d5780000)
  from space 512K, 34% used [0x00000000d5900000,0x00000000d592c010,0x00000000d5980000)
  to   space 512K, 0% used [0x00000000d5780000,0x00000000d5780000,0x00000000d5800000)
 ParOldGen       total 428544K, used 428248K [0x0000000080000000, 0x000000009a280000, 0x00000000d5580000)
  object space 428544K, 99% used [0x0000000080000000,0x000000009a236040,0x000000009a280000)
 Metaspace       used 89341K, committed 91136K, reserved 1179648K
  class space    used 8986K, committed 9728K, reserved 1048576K
}
Event: 8609.275 GC heap before
{Heap before GC invocations=475 (full 4):
 PSYoungGen      total 2560K, used 2224K [0x00000000d5580000, 0x00000000d5980000, 0x0000000100000000)
  eden space 2048K, 100% used [0x00000000d5580000,0x00000000d5780000,0x00000000d5780000)
  from space 512K, 34% used [0x00000000d5900000,0x00000000d592c010,0x00000000d5980000)
  to   space 512K, 0% used [0x00000000d5780000,0x00000000d5780000,0x00000000d5800000)
 ParOldGen       total 428544K, used 428248K [0x0000000080000000, 0x000000009a280000, 0x00000000d5580000)
  object space 428544K, 99% used [0x0000000080000000,0x000000009a236040,0x000000009a280000)
 Metaspace       used 89353K, committed 91200K, reserved 1179648K
  class space    used 8986K, committed 9728K, reserved 1048576K
}
Event: 8609.277 GC heap after
{Heap after GC invocations=475 (full 4):
 PSYoungGen      total 2560K, used 510K [0x00000000d5580000, 0x00000000d5b00000, 0x0000000100000000)
  eden space 2048K, 0% used [0x00000000d5580000,0x00000000d5580000,0x00000000d5780000)
  from space 512K, 99% used [0x00000000d5780000,0x00000000d57ff960,0x00000000d5800000)
  to   space 1536K, 0% used [0x00000000d5980000,0x00000000d5980000,0x00000000d5b00000)
 ParOldGen       total 429056K, used 429024K [0x0000000080000000, 0x000000009a300000, 0x00000000d5580000)
  object space 429056K, 99% used [0x0000000080000000,0x000000009a2f8300,0x000000009a300000)
 Metaspace       used 89353K, committed 91200K, reserved 1179648K
  class space    used 8986K, committed 9728K, reserved 1048576K
}
Event: 8609.278 GC heap before
{Heap before GC invocations=476 (full 4):
 PSYoungGen      total 2560K, used 2558K [0x00000000d5580000, 0x00000000d5b00000, 0x0000000100000000)
  eden space 2048K, 99% used [0x00000000d5580000,0x00000000d577ffe0,0x00000000d5780000)
  from space 512K, 99% used [0x00000000d5780000,0x00000000d57ff960,0x00000000d5800000)
  to   space 1536K, 0% used [0x00000000d5980000,0x00000000d5980000,0x00000000d5b00000)
 ParOldGen       total 429056K, used 429024K [0x0000000080000000, 0x000000009a300000, 0x00000000d5580000)
  object space 429056K, 99% used [0x0000000080000000,0x000000009a2f8300,0x000000009a300000)
 Metaspace       used 89353K, committed 91200K, reserved 1179648K
  class space    used 8986K, committed 9728K, reserved 1048576K
}
Event: 8609.280 GC heap after
{Heap after GC invocations=476 (full 4):
 PSYoungGen      total 3072K, used 1536K [0x00000000d5580000, 0x00000000d5d00000, 0x0000000100000000)
  eden space 1536K, 0% used [0x00000000d5580000,0x00000000d5580000,0x00000000d5700000)
  from space 1536K, 100% used [0x00000000d5980000,0x00000000d5b00000,0x00000000d5b00000)
  to   space 2560K, 0% used [0x00000000d5700000,0x00000000d5700000,0x00000000d5980000)
 ParOldGen       total 430080K, used 429583K [0x0000000080000000, 0x000000009a400000, 0x00000000d5580000)
  object space 430080K, 99% used [0x0000000080000000,0x000000009a383c60,0x000000009a400000)
 Metaspace       used 89353K, committed 91200K, reserved 1179648K
  class space    used 8986K, committed 9728K, reserved 1048576K
}
Event: 8609.290 GC heap before
{Heap before GC invocations=477 (full 4):
 PSYoungGen      total 3072K, used 3072K [0x00000000d5580000, 0x00000000d5d00000, 0x0000000100000000)
  eden space 1536K, 100% used [0x00000000d5580000,0x00000000d5700000,0x00000000d5700000)
  from space 1536K, 100% used [0x00000000d5980000,0x00000000d5b00000,0x00000000d5b00000)
  to   space 2560K, 0% used [0x00000000d5700000,0x00000000d5700000,0x00000000d5980000)
 ParOldGen       total 430080K, used 429583K [0x0000000080000000, 0x000000009a400000, 0x00000000d5580000)
  object space 430080K, 99% used [0x0000000080000000,0x000000009a383c60,0x000000009a400000)
 Metaspace       used 89369K, committed 91200K, reserved 1179648K
  class space    used 8986K, committed 9728K, reserved 1048576K
}
Event: 8609.292 GC heap after
{Heap after GC invocations=477 (full 4):
 PSYoungGen      total 2048K, used 256K [0x00000000d5580000, 0x00000000d5a00000, 0x0000000100000000)
  eden space 1536K, 0% used [0x00000000d5580000,0x00000000d5580000,0x00000000d5700000)
  from space 512K, 50% used [0x00000000d5700000,0x00000000d5740000,0x00000000d5780000)
  to   space 1024K, 0% used [0x00000000d5900000,0x00000000d5900000,0x00000000d5a00000)
 ParOldGen       total 431104K, used 431031K [0x0000000080000000, 0x000000009a500000, 0x00000000d5580000)
  object space 431104K, 99% used [0x0000000080000000,0x000000009a4edc60,0x000000009a500000)
 Metaspace       used 89369K, committed 91200K, reserved 1179648K
  class space    used 8986K, committed 9728K, reserved 1048576K
}
Event: 8609.297 GC heap before
{Heap before GC invocations=478 (full 4):
 PSYoungGen      total 2048K, used 1792K [0x00000000d5580000, 0x00000000d5a00000, 0x0000000100000000)
  eden space 1536K, 100% used [0x00000000d5580000,0x00000000d5700000,0x00000000d5700000)
  from space 512K, 50% used [0x00000000d5700000,0x00000000d5740000,0x00000000d5780000)
  to   space 1024K, 0% used [0x00000000d5900000,0x00000000d5900000,0x00000000d5a00000)
 ParOldGen       total 431104K, used 431031K [0x0000000080000000, 0x000000009a500000, 0x00000000d5580000)
  object space 431104K, 99% used [0x0000000080000000,0x000000009a4edc60,0x000000009a500000)
 Metaspace       used 89369K, committed 91200K, reserved 1179648K
  class space    used 8986K, committed 9728K, reserved 1048576K
}
Event: 8609.299 GC heap after
{Heap after GC invocations=478 (full 4):
 PSYoungGen      total 3072K, used 1024K [0x00000000d5580000, 0x00000000d5a80000, 0x0000000100000000)
  eden space 2048K, 0% used [0x00000000d5580000,0x00000000d5580000,0x00000000d5780000)
  from space 1024K, 100% used [0x00000000d5900000,0x00000000d5a00000,0x00000000d5a00000)
  to   space 1536K, 0% used [0x00000000d5780000,0x00000000d5780000,0x00000000d5900000)
 ParOldGen       total 431616K, used 431199K [0x0000000080000000, 0x000000009a580000, 0x00000000d5580000)
  object space 431616K, 99% used [0x0000000080000000,0x000000009a517c60,0x000000009a580000)
 Metaspace       used 89369K, committed 91200K, reserved 1179648K
  class space    used 8986K, committed 9728K, reserved 1048576K
}

Dll operation events (13 events):
Event: 0.015 Loaded shared library C:\Program Files\Eclipse Adoptium\jdk-21.0.11.10-hotspot\bin\java.dll
Event: 0.049 Loaded shared library C:\Program Files\Eclipse Adoptium\jdk-21.0.11.10-hotspot\bin\jsvml.dll
Event: 0.106 Loaded shared library C:\Program Files\Eclipse Adoptium\jdk-21.0.11.10-hotspot\bin\zip.dll
Event: 0.110 Loaded shared library C:\Program Files\Eclipse Adoptium\jdk-21.0.11.10-hotspot\bin\instrument.dll
Event: 0.116 Loaded shared library C:\Program Files\Eclipse Adoptium\jdk-21.0.11.10-hotspot\bin\net.dll
Event: 0.118 Loaded shared library C:\Program Files\Eclipse Adoptium\jdk-21.0.11.10-hotspot\bin\nio.dll
Event: 0.121 Loaded shared library C:\Program Files\Eclipse Adoptium\jdk-21.0.11.10-hotspot\bin\zip.dll
Event: 0.140 Loaded shared library C:\Program Files\Eclipse Adoptium\jdk-21.0.11.10-hotspot\bin\jimage.dll
Event: 0.205 Loaded shared library C:\Program Files\Eclipse Adoptium\jdk-21.0.11.10-hotspot\bin\verify.dll
Event: 1.071 Loaded shared library C:\Users\Admin\AppData\Roaming\Code\User\globalStorage\redhat.java\1.54.0\config_win\org.eclipse.equinox.launcher\org.eclipse.equinox.launcher.win32.win32.x86_64_1.3.0.v20260203-2149\eclipse_11919.dll
Event: 4.087 Loaded shared library C:\Users\Admin\AppData\Local\Temp\jna-63116079\jna7669147555976230452.dll
Event: 4045.361 Loaded shared library C:\Program Files\Eclipse Adoptium\jdk-21.0.11.10-hotspot\bin\sunmscapi.dll
Event: 4045.675 Loaded shared library C:\Program Files\Eclipse Adoptium\jdk-21.0.11.10-hotspot\bin\extnet.dll

Deoptimization events (20 events):
Event: 8609.264 Thread 0x000002129fe47180 DEOPT PACKING pc=0x000002124a48b8cc sp=0x000000298b2fe790
Event: 8609.264 Thread 0x000002129fe47180 DEOPT UNPACKING pc=0x00000212490e3aa2 sp=0x000000298b2fe718 mode 2
Event: 8609.264 Thread 0x000002129fe47180 Uncommon trap: trap_request=0xffffffbe fr.pc=0x000002124a8154e0 relative=0x00000000000003a0
Event: 8609.264 Thread 0x000002129fe47180 Uncommon trap: reason=profile_predicate action=maybe_recompile pc=0x000002124a8154e0 method=org.eclipse.jdt.internal.compiler.parser.Scanner.jumpOverMethodBody()V @ 12 c2
Event: 8609.264 Thread 0x000002129fe47180 DEOPT PACKING pc=0x000002124a8154e0 sp=0x000000298b2fe0b0
Event: 8609.264 Thread 0x000002129fe47180 DEOPT UNPACKING pc=0x00000212490e3aa2 sp=0x000000298b2fe050 mode 2
Event: 8609.281 Thread 0x00000212ac18c3e0 DEOPT PACKING pc=0x0000021241c5bf0d sp=0x000000298effec80
Event: 8609.281 Thread 0x00000212ac18c3e0 DEOPT UNPACKING pc=0x00000212490e4242 sp=0x000000298effe1f8 mode 0
Event: 8609.283 Thread 0x00000212ac18c3e0 DEOPT PACKING pc=0x0000021241c5bf0d sp=0x000000298effec60
Event: 8609.283 Thread 0x00000212ac18c3e0 DEOPT UNPACKING pc=0x00000212490e4242 sp=0x000000298effe1d8 mode 0
Event: 8609.285 Thread 0x00000212ac18d790 DEOPT PACKING pc=0x0000021241c5bf0d sp=0x000000298edfe6e0
Event: 8609.285 Thread 0x00000212ac18d790 DEOPT UNPACKING pc=0x00000212490e4242 sp=0x000000298edfdc58 mode 0
Event: 8609.288 Thread 0x00000212ac18d790 DEOPT PACKING pc=0x0000021241c5bf0d sp=0x000000298edfe750
Event: 8609.288 Thread 0x00000212ac18d790 DEOPT UNPACKING pc=0x00000212490e4242 sp=0x000000298edfdcc8 mode 0
Event: 8609.288 Thread 0x00000212ac18d790 DEOPT PACKING pc=0x0000021241c5bf0d sp=0x000000298edfe750
Event: 8609.288 Thread 0x00000212ac18d790 DEOPT UNPACKING pc=0x00000212490e4242 sp=0x000000298edfdcc8 mode 0
Event: 8609.289 Thread 0x00000212ac18ca70 DEOPT PACKING pc=0x0000021241c5bf0d sp=0x000000298f1fe810
Event: 8609.289 Thread 0x00000212ac18ca70 DEOPT UNPACKING pc=0x00000212490e4242 sp=0x000000298f1fdd88 mode 0
Event: 8609.300 Thread 0x000002129fe422c0 DEOPT PACKING pc=0x0000021241c5bf0d sp=0x000000298a5fe8e0
Event: 8609.300 Thread 0x000002129fe422c0 DEOPT UNPACKING pc=0x00000212490e4242 sp=0x000000298a5fde58 mode 0

Classes loaded (20 events):
Event: 4046.404 Loading class java/lang/constant/DynamicConstantDesc done
Event: 4046.404 Loading class java/lang/Enum$EnumDesc done
Event: 4046.405 Loading class java/lang/runtime/SwitchBootstraps$ResolvedEnumLabel
Event: 4046.405 Loading class java/lang/runtime/SwitchBootstraps$ResolvedEnumLabel done
Event: 4046.405 Loading class java/lang/runtime/SwitchBootstraps$EnumMap
Event: 4046.406 Loading class java/lang/runtime/SwitchBootstraps$EnumMap done
Event: 4046.406 Loading class java/util/ReverseOrderListView
Event: 4046.406 Loading class java/util/ReverseOrderListView done
Event: 4046.407 Loading class java/util/ReverseOrderListView$Rand
Event: 4046.407 Loading class java/util/ReverseOrderListView$Rand done
Event: 4046.408 Loading class java/lang/invoke/MethodHandleImpl$TableSwitchCacheKey
Event: 4046.408 Loading class java/lang/invoke/MethodHandleImpl$TableSwitchCacheKey done
Event: 4046.433 Loading class java/util/stream/FindOps$FindSink$OfLong
Event: 4046.434 Loading class java/util/stream/FindOps$FindSink$OfLong done
Event: 4046.434 Loading class java/util/OptionalLong
Event: 4046.434 Loading class java/util/OptionalLong done
Event: 4046.437 Loading class sun/net/www/HeaderParser
Event: 4046.438 Loading class sun/net/www/HeaderParser done
Event: 4046.441 Loading class java/nio/HeapByteBufferR
Event: 4046.441 Loading class java/nio/HeapByteBufferR done

Classes unloaded (11 events):
Event: 4.387 Thread 0x00000212395dea00 Unloading class 0x00000212571aac00 'java/lang/invoke/LambdaForm$MH+0x00000212571aac00'
Event: 4.387 Thread 0x00000212395dea00 Unloading class 0x00000212571aa800 'java/lang/invoke/LambdaForm$MH+0x00000212571aa800'
Event: 4.387 Thread 0x00000212395dea00 Unloading class 0x00000212571aa400 'java/lang/invoke/LambdaForm$MH+0x00000212571aa400'
Event: 4.387 Thread 0x00000212395dea00 Unloading class 0x00000212571aa000 'java/lang/invoke/LambdaForm$MH+0x00000212571aa000'
Event: 4.387 Thread 0x00000212395dea00 Unloading class 0x00000212571a9c00 'java/lang/invoke/LambdaForm$BMH+0x00000212571a9c00'
Event: 4.387 Thread 0x00000212395dea00 Unloading class 0x00000212571a9800 'java/lang/invoke/LambdaForm$DMH+0x00000212571a9800'
Event: 4.387 Thread 0x00000212395dea00 Unloading class 0x00000212571a8400 'java/lang/invoke/LambdaForm$DMH+0x00000212571a8400'
Event: 1988.786 Thread 0x00000212395dea00 Unloading class 0x00000212576e0400 'java/lang/invoke/LambdaForm$DMH+0x00000212576e0400'
Event: 1988.786 Thread 0x00000212395dea00 Unloading class 0x00000212576e0000 'java/lang/invoke/LambdaForm$DMH+0x00000212576e0000'
Event: 1988.786 Thread 0x00000212395dea00 Unloading class 0x00000212576d9c00 'java/lang/invoke/LambdaForm$DMH+0x00000212576d9c00'
Event: 1988.786 Thread 0x00000212395dea00 Unloading class 0x00000212576d9800 'java/lang/invoke/LambdaForm$DMH+0x00000212576d9800'

Classes redefined (0 events):
No events

Internal exceptions (20 events):
Event: 3575.024 Thread 0x000002129fe40880 Exception <a 'sun/nio/fs/WindowsException'{0x00000000d57b70e8}> (0x00000000d57b70e8) 
thrown [s\src\hotspot\share\prims\jni.cpp, line 520]
Event: 4045.222 Thread 0x000002129fe46460 Exception <a 'java/io/FileNotFoundException'{0x00000000d5675068}> (0x00000000d5675068) 
thrown [s\src\hotspot\share\prims\jni.cpp, line 520]
Event: 4045.341 Thread 0x000002129fe46460 Exception <a 'java/lang/NoSuchMethodError'{0x00000000d58be108}: 'java.lang.Object java.lang.invoke.DirectMethodHandle$Holder.invokeStaticInit(java.lang.Object, java.lang.Object, int)'> (0x00000000d58be108) 
thrown [s\src\hotspot\share\interpreter\linkResolver.cpp, line 773]
Event: 4045.383 Thread 0x000002129fe46460 Exception <a 'sun/nio/fs/WindowsException'{0x00000000d56d6dd8}> (0x00000000d56d6dd8) 
thrown [s\src\hotspot\share\prims\jni.cpp, line 520]
Event: 4045.683 Thread 0x000002129fe46460 Exception <a 'java/lang/NoSuchMethodError'{0x00000000d5644ea0}: 'void java.lang.invoke.DirectMethodHandle$Holder.invokeStatic(java.lang.Object, java.lang.Object, java.lang.Object, java.lang.Object, java.lang.Object, java.lang.Object, java.lang.Object)'> (0x00000000d5644ea0) 
thrown [s\src\hotspot\share\interpreter\linkResolver.cpp, line 773]
Event: 4045.935 Thread 0x000002129fe43670 Exception <a 'java/lang/NoSuchMethodError'{0x00000000d55ccc40}: 'void java.lang.invoke.DirectMethodHandle$Holder.invokeStatic(java.lang.Object, java.lang.Object, int)'> (0x00000000d55ccc40) 
thrown [s\src\hotspot\share\interpreter\linkResolver.cpp, line 773]
Event: 4046.402 Thread 0x000002129fe422c0 Exception <a 'java/lang/NoSuchMethodError'{0x00000000d5594680}: 'java.lang.Object java.lang.invoke.DirectMethodHandle$Holder.invokeStaticInit(java.lang.Object, java.lang.Object, java.lang.Object, java.lang.Object, java.lang.Object)'> (0x00000000d5594680) 
thrown [s\src\hotspot\share\interpreter\linkResolver.cpp, line 773]
Event: 4046.403 Thread 0x000002129fe422c0 Exception <a 'java/lang/NoSuchMethodError'{0x00000000d5598488}: 'java.lang.Object java.lang.invoke.Invokers$Holder.invoke_MT(java.lang.Object, java.lang.Object, java.lang.Object, java.lang.Object, java.lang.Object, java.lang.Object)'> (0x00000000d5598488) 
thrown [s\src\hotspot\share\interpreter\linkResolver.cpp, line 773]
Event: 4046.405 Thread 0x000002129fe422c0 Exception <a 'java/lang/NoSuchMethodError'{0x00000000d55afbb0}: 'int java.lang.invoke.DirectMethodHandle$Holder.invokeStaticInit(java.lang.Object, java.lang.Object, java.lang.Object, java.lang.Object, java.lang.Object)'> (0x00000000d55afbb0) 
thrown [s\src\hotspot\share\interpreter\linkResolver.cpp, line 773]
Event: 4046.405 Thread 0x000002129fe422c0 Exception <a 'java/lang/NoSuchMethodError'{0x00000000d55b3650}: 'int java.lang.invoke.DirectMethodHandle$Holder.invokeStaticInit(java.lang.Object, int)'> (0x00000000d55b3650) 
thrown [s\src\hotspot\share\interpreter\linkResolver.cpp, line 773]
Event: 4046.406 Thread 0x000002129fe422c0 Exception <a 'java/lang/NoSuchMethodError'{0x00000000d55ba840}: 'int java.lang.invoke.DirectMethodHandle$Holder.invokeStaticInit(java.lang.Object, java.lang.Object, java.lang.Object, java.lang.Object, java.lang.Object, java.lang.Object)'> (0x00000000d55ba840) 
thrown [s\src\hotspot\share\interpreter\linkResolver.cpp, line 773]
Event: 4046.407 Thread 0x000002129fe422c0 Implicit null exception at 0x0000021249afb876 to 0x0000021249afbbac
Event: 4046.408 Thread 0x000002129fe422c0 Implicit null exception at 0x000002124a0fb775 to 0x000002124a0fb850
Event: 4046.410 Thread 0x000002129fe422c0 Exception <a 'java/lang/NoSuchMethodError'{0x00000000d55ff730}: 'int java.lang.invoke.DirectMethodHandle$Holder.invokeSpecial(java.lang.Object, java.lang.Object, int)'> (0x00000000d55ff730) 
thrown [s\src\hotspot\share\interpreter\linkResolver.cpp, line 773]
Event: 4046.411 Thread 0x000002129fe422c0 Exception <a 'java/lang/NoSuchMethodError'{0x00000000d5607140}: 'int java.lang.invoke.Invokers$Holder.linkToTargetMethod(java.lang.Object, int, java.lang.Object)'> (0x00000000d5607140) 
thrown [s\src\hotspot\share\interpreter\linkResolver.cpp, line 773]
Event: 4046.584 Thread 0x000002129fe46460 Exception <a 'java/lang/NoSuchMethodError'{0x00000000d5592870}: 'int java.lang.invoke.DirectMethodHandle$Holder.invokeStatic(java.lang.Object, java.lang.Object, int, java.lang.Object)'> (0x00000000d5592870) 
thrown [s\src\hotspot\share\interpreter\linkResolver.cpp, line 773]
Event: 4047.299 Thread 0x000002129fe46460 Exception <a 'java/lang/ArrayIndexOutOfBoundsException'{0x00000000d5659238}: Index 8404 out of bounds for length 8403> (0x00000000d5659238) 
thrown [s\src\hotspot\share\interpreter\interpreterRuntime.cpp, line 439]
Event: 8458.081 Thread 0x000002129fe44a20 Exception <a 'java/lang/IncompatibleClassChangeError'{0x00000000d5610e68}: Found class java.lang.Object, but interface was expected> (0x00000000d5610e68) 
thrown [s\src\hotspot\share\interpreter\linkResolver.cpp, line 840]
Event: 8609.113 Thread 0x000002129fe415a0 Implicit null exception at 0x000002124a49bba5 to 0x000002124a49c2bc
Event: 8609.113 Thread 0x00000212ac189c80 Implicit null exception at 0x000002124a49bba5 to 0x000002124a49c2bc

ZGC Phase Switch (0 events):
No events

VM Operations (20 events):
Event: 8609.118 Executing safepoint VM operation: ParallelGCFailedAllocation (Allocation Failure)
Event: 8609.120 Executing safepoint VM operation: ParallelGCFailedAllocation (Allocation Failure) done
Event: 8609.125 Executing safepoint VM operation: ParallelGCFailedAllocation (Allocation Failure)
Event: 8609.128 Executing safepoint VM operation: ParallelGCFailedAllocation (Allocation Failure) done
Event: 8609.232 Executing non-safepoint VM operation: HandshakeAllThreads (Deoptimize)
Event: 8609.232 Executing non-safepoint VM operation: HandshakeAllThreads (Deoptimize) done
Event: 8609.257 Executing safepoint VM operation: ParallelGCFailedAllocation (Allocation Failure)
Event: 8609.260 Executing safepoint VM operation: ParallelGCFailedAllocation (Allocation Failure) done
Event: 8609.266 Executing safepoint VM operation: ParallelGCFailedAllocation (Allocation Failure)
Event: 8609.268 Executing safepoint VM operation: ParallelGCFailedAllocation (Allocation Failure) done
Event: 8609.271 Executing safepoint VM operation: ParallelGCFailedAllocation (Allocation Failure)
Event: 8609.272 Executing safepoint VM operation: ParallelGCFailedAllocation (Allocation Failure) done
Event: 8609.275 Executing safepoint VM operation: ParallelGCFailedAllocation (Allocation Failure)
Event: 8609.277 Executing safepoint VM operation: ParallelGCFailedAllocation (Allocation Failure) done
Event: 8609.278 Executing safepoint VM operation: ParallelGCFailedAllocation (Allocation Failure)
Event: 8609.280 Executing safepoint VM operation: ParallelGCFailedAllocation (Allocation Failure) done
Event: 8609.289 Executing safepoint VM operation: ParallelGCFailedAllocation (Allocation Failure)
Event: 8609.292 Executing safepoint VM operation: ParallelGCFailedAllocation (Allocation Failure) done
Event: 8609.297 Executing safepoint VM operation: ParallelGCFailedAllocation (Allocation Failure)
Event: 8609.299 Executing safepoint VM operation: ParallelGCFailedAllocation (Allocation Failure) done

Memory protections (0 events):
No events

Nmethod flushes (20 events):
Event: 1988.816 Thread 0x00000212395dea00 flushing  nmethod 0x0000021242ce1710
Event: 1988.816 Thread 0x00000212395dea00 flushing  nmethod 0x0000021242ce2d10
Event: 1988.816 Thread 0x00000212395dea00 flushing  nmethod 0x0000021242ce3310
Event: 1988.816 Thread 0x00000212395dea00 flushing  nmethod 0x0000021242cece90
Event: 1988.816 Thread 0x00000212395dea00 flushing  nmethod 0x0000021242ced210
Event: 1988.816 Thread 0x00000212395dea00 flushing  nmethod 0x0000021242ceef10
Event: 1988.816 Thread 0x00000212395dea00 flushing  nmethod 0x0000021242cef510
Event: 1988.816 Thread 0x00000212395dea00 flushing  nmethod 0x0000021242cef890
Event: 1988.816 Thread 0x00000212395dea00 flushing  nmethod 0x0000021242cf0110
Event: 1988.816 Thread 0x00000212395dea00 flushing  nmethod 0x0000021242cf5e10
Event: 1988.816 Thread 0x00000212395dea00 flushing  nmethod 0x0000021242d14a90
Event: 1988.816 Thread 0x00000212395dea00 flushing  nmethod 0x0000021242d14e10
Event: 1988.816 Thread 0x00000212395dea00 flushing  nmethod 0x0000021242d24590
Event: 1988.816 Thread 0x00000212395dea00 flushing  nmethod 0x0000021242d2f010
Event: 1988.816 Thread 0x00000212395dea00 flushing  nmethod 0x0000021242d32610
Event: 1988.816 Thread 0x00000212395dea00 flushing  nmethod 0x0000021242d38810
Event: 1988.816 Thread 0x00000212395dea00 flushing  nmethod 0x0000021242d62490
Event: 1988.816 Thread 0x00000212395dea00 flushing osr nmethod 0x0000021242d64390
Event: 1988.816 Thread 0x00000212395dea00 flushing  nmethod 0x0000021242d88310
Event: 1988.816 Thread 0x00000212395dea00 flushing  nmethod 0x0000021242e55990

Events (20 events):
Event: 8479.821 Thread 0x00000212aa912250 Thread exited: 0x00000212aa912250
Event: 8484.851 Thread 0x00000212aa916d40 Thread exited: 0x00000212aa916d40
Event: 8558.156 Thread 0x000002129fe46af0 Thread exited: 0x000002129fe46af0
Event: 8609.083 Thread 0x0000021297a5e4c0 Thread added: 0x00000212aa910de0
Event: 8609.092 Thread 0x0000021297a5e4c0 Thread added: 0x00000212aa914b30
Event: 8609.093 Thread 0x000002129fe47ea0 Thread added: 0x000002129fe46af0
Event: 8609.093 Thread 0x000002129fe415a0 Thread added: 0x000002129fe41c30
Event: 8609.093 Thread 0x000002129fe40f10 Thread added: 0x00000212ac18a310
Event: 8609.093 Thread 0x000002129fe46af0 Thread added: 0x00000212ac18b6c0
Event: 8609.093 Thread 0x000002129fe41c30 Thread added: 0x00000212ac189c80
Event: 8609.094 Thread 0x00000212ac18a310 Thread added: 0x00000212ac18d790
Event: 8609.095 Thread 0x000002129fe47180 Thread added: 0x00000212ac18c3e0
Event: 8609.097 Thread 0x00000212ac189c80 Thread added: 0x00000212ac18b030
Event: 8609.098 Thread 0x00000212ac18b6c0 Thread added: 0x00000212ac18ca70
Event: 8609.098 Thread 0x00000212ac18d790 Thread added: 0x00000212ac18d100
Event: 8609.098 Thread 0x00000212ac18c3e0 Thread added: 0x00000212ac1912a0
Event: 8609.116 Thread 0x00000212ac1912a0 Thread added: 0x00000212ac18f860
Event: 8609.117 Thread 0x00000212ac18d100 Thread added: 0x00000212ac18de20
Event: 8614.305 Thread 0x00000212aa914b30 Thread exited: 0x00000212aa914b30
Event: 8614.307 Thread 0x00000212aa910de0 Thread exited: 0x00000212aa910de0


Dynamic libraries:
0x00007ff78c440000 - 0x00007ff78c44e000 	C:\Program Files\Eclipse Adoptium\jdk-21.0.11.10-hotspot\bin\java.exe
0x00007ffb36cf0000 - 0x00007ffb36f06000 	C:\Windows\SYSTEM32\ntdll.dll
0x00007ffb34b40000 - 0x00007ffb34c04000 	C:\Windows\System32\KERNEL32.DLL
0x00007ffb34040000 - 0x00007ffb343e7000 	C:\Windows\System32\KERNELBASE.dll
0x00007ffb343f0000 - 0x00007ffb34501000 	C:\Windows\System32\ucrtbase.dll
0x00007ffb22680000 - 0x00007ffb22698000 	C:\Program Files\Eclipse Adoptium\jdk-21.0.11.10-hotspot\bin\jli.dll
0x00007ffb23750000 - 0x00007ffb2376e000 	C:\Program Files\Eclipse Adoptium\jdk-21.0.11.10-hotspot\bin\VCRUNTIME140.dll
0x00007ffb36740000 - 0x00007ffb368ee000 	C:\Windows\System32\USER32.dll
0x00007ffb34790000 - 0x00007ffb347b6000 	C:\Windows\System32\win32u.dll
0x00007ffb26020000 - 0x00007ffb262b3000 	C:\Windows\WinSxS\amd64_microsoft.windows.common-controls_6595b64144ccf1df_6.0.22621.3235_none_270f74e173860f98\COMCTL32.dll
0x00007ffb36b40000 - 0x00007ffb36b69000 	C:\Windows\System32\GDI32.dll
0x00007ffb34a20000 - 0x00007ffb34ac7000 	C:\Windows\System32\msvcrt.dll
0x00007ffb345d0000 - 0x00007ffb346e9000 	C:\Windows\System32\gdi32full.dll
0x00007ffb346f0000 - 0x00007ffb3478a000 	C:\Windows\System32\msvcp_win.dll
0x00007ffb353b0000 - 0x00007ffb353e1000 	C:\Windows\System32\IMM32.DLL
0x00007ffb22800000 - 0x00007ffb2280c000 	C:\Program Files\Eclipse Adoptium\jdk-21.0.11.10-hotspot\bin\vcruntime140_1.dll
0x00007ffb11260000 - 0x00007ffb112ed000 	C:\Program Files\Eclipse Adoptium\jdk-21.0.11.10-hotspot\bin\msvcp140.dll
0x00007ffa8c690000 - 0x00007ffa8d432000 	C:\Program Files\Eclipse Adoptium\jdk-21.0.11.10-hotspot\bin\server\jvm.dll
0x00007ffb35130000 - 0x00007ffb351e2000 	C:\Windows\System32\ADVAPI32.dll
0x00007ffb364d0000 - 0x00007ffb36578000 	C:\Windows\System32\sechost.dll
0x00007ffb34010000 - 0x00007ffb34038000 	C:\Windows\System32\bcrypt.dll
0x00007ffb36b90000 - 0x00007ffb36ca5000 	C:\Windows\System32\RPCRT4.dll
0x00007ffb35090000 - 0x00007ffb35101000 	C:\Windows\System32\WS2_32.dll
0x00007ffb33ee0000 - 0x00007ffb33f2d000 	C:\Windows\SYSTEM32\POWRPROF.dll
0x00007ffb2d270000 - 0x00007ffb2d2a4000 	C:\Windows\SYSTEM32\WINMM.dll
0x00007ffb29a30000 - 0x00007ffb29a3a000 	C:\Windows\SYSTEM32\VERSION.dll
0x00007ffb33ec0000 - 0x00007ffb33ed3000 	C:\Windows\SYSTEM32\UMPDC.dll
0x00007ffb32fc0000 - 0x00007ffb32fd8000 	C:\Windows\SYSTEM32\kernel.appcore.dll
0x00007ffb1f570000 - 0x00007ffb1f57a000 	C:\Program Files\Eclipse Adoptium\jdk-21.0.11.10-hotspot\bin\jimage.dll
0x00007ffb31910000 - 0x00007ffb31b43000 	C:\Windows\SYSTEM32\DBGHELP.DLL
0x00007ffb35ce0000 - 0x00007ffb36068000 	C:\Windows\System32\combase.dll
0x00007ffb36a60000 - 0x00007ffb36b37000 	C:\Windows\System32\OLEAUT32.dll
0x00007ffac91b0000 - 0x00007ffac91e2000 	C:\Windows\SYSTEM32\dbgcore.DLL
0x00007ffb347c0000 - 0x00007ffb34839000 	C:\Windows\System32\bcryptPrimitives.dll
0x00007ffb15ba0000 - 0x00007ffb15baf000 	C:\Program Files\Eclipse Adoptium\jdk-21.0.11.10-hotspot\bin\instrument.dll
0x00007ffb11240000 - 0x00007ffb11260000 	C:\Program Files\Eclipse Adoptium\jdk-21.0.11.10-hotspot\bin\java.dll
0x00007ffb35480000 - 0x00007ffb35cdc000 	C:\Windows\System32\SHELL32.dll
0x00007ffb31f40000 - 0x00007ffb32839000 	C:\Windows\SYSTEM32\windows.storage.dll
0x00007ffb31e00000 - 0x00007ffb31f3e000 	C:\Windows\SYSTEM32\wintypes.dll
0x00007ffb361e0000 - 0x00007ffb362d3000 	C:\Windows\System32\SHCORE.dll
0x00007ffb36180000 - 0x00007ffb361de000 	C:\Windows\System32\shlwapi.dll
0x00007ffb33f40000 - 0x00007ffb33f61000 	C:\Windows\SYSTEM32\profapi.dll
0x00007ffa8c5b0000 - 0x00007ffa8c687000 	C:\Program Files\Eclipse Adoptium\jdk-21.0.11.10-hotspot\bin\jsvml.dll
0x00007ffb09fb0000 - 0x00007ffb09fc8000 	C:\Program Files\Eclipse Adoptium\jdk-21.0.11.10-hotspot\bin\zip.dll
0x00007ffb142f0000 - 0x00007ffb14300000 	C:\Program Files\Eclipse Adoptium\jdk-21.0.11.10-hotspot\bin\net.dll
0x00007ffb2e620000 - 0x00007ffb2e756000 	C:\Windows\SYSTEM32\WINHTTP.dll
0x00007ffb33480000 - 0x00007ffb334e9000 	C:\Windows\system32\mswsock.dll
0x00007ffb02280000 - 0x00007ffb02296000 	C:\Program Files\Eclipse Adoptium\jdk-21.0.11.10-hotspot\bin\nio.dll
0x00007ffb141c0000 - 0x00007ffb141d0000 	C:\Program Files\Eclipse Adoptium\jdk-21.0.11.10-hotspot\bin\verify.dll
0x00007ffb187b0000 - 0x00007ffb187f5000 	C:\Users\Admin\AppData\Roaming\Code\User\globalStorage\redhat.java\1.54.0\config_win\org.eclipse.equinox.launcher\org.eclipse.equinox.launcher.win32.win32.x86_64_1.3.0.v20260203-2149\eclipse_11919.dll
0x00007ffb36590000 - 0x00007ffb36735000 	C:\Windows\System32\ole32.dll
0x00007ffb337d0000 - 0x00007ffb337eb000 	C:\Windows\SYSTEM32\CRYPTSP.dll
0x00007ffb32f80000 - 0x00007ffb32fb5000 	C:\Windows\system32\rsaenh.dll
0x00007ffb33520000 - 0x00007ffb33548000 	C:\Windows\SYSTEM32\USERENV.dll
0x00007ffb337b0000 - 0x00007ffb337bc000 	C:\Windows\SYSTEM32\CRYPTBASE.dll
0x00007ffb32ae0000 - 0x00007ffb32b0d000 	C:\Windows\SYSTEM32\IPHLPAPI.DLL
0x00007ffb362e0000 - 0x00007ffb362e9000 	C:\Windows\System32\NSI.dll
0x00007ffb18760000 - 0x00007ffb187a9000 	C:\Users\Admin\AppData\Local\Temp\jna-63116079\jna7669147555976230452.dll
0x00007ffb36580000 - 0x00007ffb36588000 	C:\Windows\System32\PSAPI.DLL
0x00007ffb2d730000 - 0x00007ffb2d749000 	C:\Windows\SYSTEM32\dhcpcsvc6.DLL
0x00007ffb2d710000 - 0x00007ffb2d72f000 	C:\Windows\SYSTEM32\dhcpcsvc.DLL
0x00007ffb13fc0000 - 0x00007ffb13fce000 	C:\Program Files\Eclipse Adoptium\jdk-21.0.11.10-hotspot\bin\sunmscapi.dll
0x00007ffb34840000 - 0x00007ffb349a6000 	C:\Windows\System32\CRYPT32.dll
0x00007ffb338e0000 - 0x00007ffb3390e000 	C:\Windows\SYSTEM32\ncrypt.dll
0x00007ffb33880000 - 0x00007ffb338b7000 	C:\Windows\SYSTEM32\NTASN1.dll
0x00007ffb08a80000 - 0x00007ffb08a88000 	C:\Windows\system32\wshunix.dll
0x00007ffb137c0000 - 0x00007ffb137c9000 	C:\Program Files\Eclipse Adoptium\jdk-21.0.11.10-hotspot\bin\extnet.dll
0x00007ffb32b10000 - 0x00007ffb32c09000 	C:\Windows\SYSTEM32\DNSAPI.dll
0x00007ffb2d750000 - 0x00007ffb2d75a000 	C:\Windows\System32\rasadhlp.dll
0x00007ffb2cd30000 - 0x00007ffb2cdb3000 	C:\Windows\System32\fwpuclnt.dll

JVMTI agents:
c:\Users\Admin\.vscode\extensions\redhat.java-1.54.0-win32-x64\lombok\lombok-1.18.39-4050.jar path:C:\Program Files\Eclipse Adoptium\jdk-21.0.11.10-hotspot\bin\instrument.dll, loaded, initialized, instrumentlib options:none

dbghelp: loaded successfully - version: 4.0.5 - missing functions: none
symbol engine: initialized successfully - sym options: 0x614 - pdb path: .;C:\Program Files\Eclipse Adoptium\jdk-21.0.11.10-hotspot\bin;C:\Windows\SYSTEM32;C:\Windows\WinSxS\amd64_microsoft.windows.common-controls_6595b64144ccf1df_6.0.22621.3235_none_270f74e173860f98;C:\Program Files\Eclipse Adoptium\jdk-21.0.11.10-hotspot\bin\server;C:\Users\Admin\AppData\Roaming\Code\User\globalStorage\redhat.java\1.54.0\config_win\org.eclipse.equinox.launcher\org.eclipse.equinox.launcher.win32.win32.x86_64_1.3.0.v20260203-2149;C:\Users\Admin\AppData\Local\Temp\jna-63116079

VM Arguments:
jvm_args: --add-modules=ALL-SYSTEM --add-opens=java.base/java.util=ALL-UNNAMED --add-opens=java.base/java.lang=ALL-UNNAMED --add-opens=java.base/sun.nio.fs=ALL-UNNAMED -Declipse.application=org.eclipse.jdt.ls.core.id1 -Dosgi.bundles.defaultStartLevel=4 -Declipse.product=org.eclipse.jdt.ls.core.product -Djava.import.generatesMetadataFilesAtProjectRoot=false -DDetectVMInstallationsJob.disabled=true -Dfile.encoding=utf8 -XX:+UseParallelGC -XX:GCTimeRatio=4 -XX:AdaptiveSizePolicyWeight=90 -Dsun.zip.disableMemoryMapping=true -Xmx2G -Xms100m -Xlog:disable -javaagent:c:\Users\Admin\.vscode\extensions\redhat.java-1.54.0-win32-x64\lombok\lombok-1.18.39-4050.jar -XX:+HeapDumpOnOutOfMemoryError -XX:HeapDumpPath=c:\Users\Admin\AppData\Roaming\Code\User\workspaceStorage\89d3455fba0f2a929b94adba8e7c6a0e\redhat.java -Daether.dependencyCollector.impl=bf 
java_command: c:\Users\Admin\.vscode\extensions\redhat.java-1.54.0-win32-x64\server\plugins\org.eclipse.equinox.launcher_1.7.100.v20251111-0406.jar -configuration c:\Users\Admin\AppData\Roaming\Code\User\globalStorage\redhat.java\1.54.0\config_win -data c:\Users\Admin\AppData\Roaming\Code\User\workspaceStorage\89d3455fba0f2a929b94adba8e7c6a0e\redhat.java\jdt_ws --pipe=\\.\pipe\lsp-c05fe5b664651515474083f83ef6c409-sock
java_class_path (initial): c:\Users\Admin\.vscode\extensions\redhat.java-1.54.0-win32-x64\server\plugins\org.eclipse.equinox.launcher_1.7.100.v20251111-0406.jar
Launcher Type: SUN_STANDARD

[Global flags]
    uintx AdaptiveSizePolicyWeight                 = 90                                        {product} {command line}
     intx CICompilerCount                          = 12                                        {product} {ergonomic}
    uintx GCTimeRatio                              = 4                                         {product} {command line}
     bool HeapDumpOnOutOfMemoryError               = true                                   {manageable} {command line}
    ccstr HeapDumpPath                             = c:\Users\Admin\AppData\Roaming\Code\User\workspaceStorage\89d3455fba0f2a929b94adba8e7c6a0e\redhat.java         {manageable} {command line}
   size_t InitialHeapSize                          = 104857600                                 {product} {command line}
   size_t MaxHeapSize                              = 2147483648                                {product} {command line}
   size_t MaxNewSize                               = 715653120                                 {product} {ergonomic}
   size_t MinHeapDeltaBytes                        = 524288                                    {product} {ergonomic}
   size_t MinHeapSize                              = 104857600                                 {product} {command line}
   size_t NewSize                                  = 34603008                                  {product} {ergonomic}
    uintx NonNMethodCodeHeapSize                   = 7602480                                {pd product} {ergonomic}
    uintx NonProfiledCodeHeapSize                  = 122027880                              {pd product} {ergonomic}
   size_t OldSize                                  = 70254592                                  {product} {ergonomic}
    uintx ProfiledCodeHeapSize                     = 122027880                              {pd product} {ergonomic}
    uintx ReservedCodeCacheSize                    = 251658240                              {pd product} {ergonomic}
     bool SegmentedCodeCache                       = true                                      {product} {ergonomic}
   size_t SoftMaxHeapSize                          = 2147483648                             {manageable} {ergonomic}
     bool UseCompressedOops                        = true                           {product lp64_product} {ergonomic}
     bool UseLargePagesIndividualAllocation        = false                                  {pd product} {ergonomic}
     bool UseParallelGC                            = true                                      {product} {command line}

Logging:
Log output configuration:
 #0: stdout all=off uptime,level,tags foldmultilines=false
 #1: stderr all=off uptime,level,tags foldmultilines=false

Release file:
IMPLEMENTOR="Eclipse Adoptium" 
IMPLEMENTOR_VERSION="Temurin-21.0.11+10" 
JAVA_RUNTIME_VERSION="21.0.11+10-LTS" 
JAVA_VERSION="21.0.11" 
JAVA_VERSION_DATE="2026-04-21" 
LIBC="default" 
MODULES="java.base java.compiler java.datatransfer java.xml java.prefs java.desktop java.instrument java.logging java.management java.security.sasl java.naming java.rmi java.management.rmi java.net.http java.scripting java.security.jgss java.transaction.xa java.sql java.sql.rowset java.xml.crypto java.se java.smartcardio jdk.accessibility jdk.internal.jvmstat jdk.attach jdk.charsets jdk.internal.opt jdk.zipfs jdk.compiler jdk.crypto.ec jdk.crypto.cryptoki jdk.crypto.mscapi jdk.dynalink jdk.internal.ed jdk.editpad jdk.hotspot.agent jdk.httpserver jdk.incubator.vector jdk.internal.le jdk.internal.vm.ci jdk.internal.vm.compiler jdk.internal.vm.compiler.management jdk.jartool jdk.javadoc jdk.jcmd jdk.management jdk.management.agent jdk.jconsole jdk.jdeps jdk.jdwp.agent jdk.jdi jdk.jfr jdk.jlink jdk.jpackage jdk.jshell jdk.jsobject jdk.jstatd jdk.localedata jdk.management.jfr jdk.naming.dns jdk.naming.rmi jdk.net jdk.nio.mapmode jdk.random jdk.sctp jdk.security.auth jdk.security.jgss jdk.unsupported jdk.unsupported.desktop jdk.xml.dom" 
OS_ARCH="x86_64" 
OS_NAME="Windows" 
SOURCE=".:git:254494ad7d75" 
BUILD_SOURCE="git:a612825ee82a20ac872d60958c349854c1f29a8e"
BUILD_SOURCE_REPO="https://github.com/adoptium/temurin-build.git"
SOURCE_REPO="https://github.com/adoptium/jdk21u.git"
FULL_VERSION="21.0.11+10-LTS"
SEMANTIC_VERSION="21.0.11+10"
BUILD_INFO="OS: Windows Server 2022 Version: 10.0"
JVM_VARIANT="Hotspot"
JVM_VERSION="21.0.11+10-LTS"
IMAGE_TYPE="JDK"

Environment Variables:
JAVA_HOME=C:\Program Files\Eclipse Adoptium\jdk-21.0.11.10-hotspot\
PATH=C:\Program Files\Eclipse Adoptium\jdk-21.0.11.10-hotspot\bin;C:\Program Files\Common Files\Oracle\Java\javapath;C:\Program Files (x86)\Common Files\Oracle\Java\java8path;C:\Program Files (x86)\Common Files\Oracle\Java\javapath;C:\Python313\Scripts\;C:\Python313\;C:\oracle\XE\dbhomeXE\bin;C:\Windows\system32;C:\Windows;C:\Windows\System32\Wbem;C:\Windows\System32\WindowsPowerShell\v1.0\;C:\Windows\System32\OpenSSH\;C:\Program Files\Docker\Docker\resources\bin;C:\Program Files\Git\cmd;C:\Program Files\nodejs\;C:\ProgramData\chocolatey\bin;C:\Users\Admin\AppData\Local\Microsoft\WindowsApps;C:\Users\Admin\AppData\Local\Programs\Microsoft VS Code\bin;C:\Users\Admin\AppData\Roaming\npm;C:\apache-maven-3.9.9\bin;C:\Python313\Scripts\;C:\Python313\;C:\oracle\XE\dbhomeXE\bin;C:\Windows\system32;C:\Windows;C:\Windows\System32\Wbem;C:\Windows\System32\WindowsPowerShell\v1.0\;C:\Windows\System32\OpenSSH\;C:\Program Files\Docker\Docker\resources\bin;C:\Program Files\Git\cmd;C:\Program Files\nodejs\;C:\ProgramData\chocolatey\bin;C:\Users\Admin\AppData\Local\Microsoft\WindowsApps;C:\Users\Admin\AppData\Local\Programs\Microsoft VS Code\bin;C:\User;C:\Users\Admin\AppData\Local\Programs\Python\Python313\Scripts\;C:\Users\Admin\AppData\Local\Programs\Python\Python313\;C:\Program Files\Common Files\Oracle\Java\javapath;C:\Python313\Scripts\;C:\Python313\;C:\oracle\XE\dbhomeXE\bin;C:\Windows\system32;C:\Windows;C:\Windows\System32\Wbem;C:\Windows\System32\WindowsPowerShell\v1.0\;C:\Windows\System32\OpenSSH\;C:\Program Files\Docker\Docker\resources\bin;C:\Program Files\Git\cmd;C:\Program Files\nodejs\;C:\ProgramData\chocolatey\bin;C:\Users\Admin\AppData\Local\Microsoft\WindowsApps;C:\Users\Admin\AppData\Local\Programs\Microsoft VS Code\bin;C:\Users\Admin\AppData\Roaming\npm;C:\apache-maven-3.9.9\bin;C:\Program Files\Common Files\Oracle\Java\javapath;C:\Python313\Scripts\;C:\Python313\;C:\oracle\XE\dbhomeXE\bin;C:\Windows\system32;C:\Windows;C:\Windows\System32\Wbem;C:\Windows\System32\WindowsPowerShell\v1.0\;C:\Windows\System32\OpenSSH\;C:\Program Files\Docker\Docker\resources\bin;C:\Program Files\Git\cmd;C:\Program Files\nodejs\;C:\ProgramData\chocolatey\bin;C:\Users\Admin\AppData\Local\Microsoft\WindowsApps;C:\Users\Admin\AppData\Local\Programs\Microsoft VS Code\bin;C:\User;C:\Program Files\Apache\Maven\apache-maven-3.9.11-bin\apache-maven-3.9.11\bin;C:\Users\Admin\.bun\bin;C:\Users\Admin\AppData\Local\Programs\Windsurf\bin
USERNAME=Admin
OS=Windows_NT
PROCESSOR_IDENTIFIER=Intel64 Family 6 Model 186 Stepping 2, GenuineIntel
TMP=C:\Users\Admin\AppData\Local\Temp
TEMP=C:\Users\Admin\AppData\Local\Temp




Periodic native trim disabled

---------------  S Y S T E M  ---------------

OS:
 Windows 11 , 64 bit Build 22621 (10.0.22621.3371)
OS uptime: 0 days 3:20 hours
Hyper-V role detected

CPU: total 20 (initial active 20) (10 cores per cpu, 2 threads per core) family 6 model 186 stepping 2 microcode 0x4122, cx8, cmov, fxsr, ht, mmx, 3dnowpref, sse, sse2, sse3, ssse3, sse4.1, sse4.2, popcnt, lzcnt, tsc, tscinvbit, avx, avx2, aes, erms, clmul, bmi1, bmi2, adx, sha, fma, vzeroupper, clflush, clflushopt, clwb, hv, serialize, rdtscp, rdpid, fsrm, f16c, cet_ibt, cet_ss
Processor Information for processor 0
  Max Mhz: 2600, Current Mhz: 2600, Mhz Limit: 2600
Processor Information for processor 1
  Max Mhz: 2600, Current Mhz: 2600, Mhz Limit: 2600
Processor Information for processor 2
  Max Mhz: 2600, Current Mhz: 2600, Mhz Limit: 2600
Processor Information for processor 3
  Max Mhz: 2600, Current Mhz: 2600, Mhz Limit: 2600
Processor Information for processor 4
  Max Mhz: 2600, Current Mhz: 2600, Mhz Limit: 2600
Processor Information for processor 5
  Max Mhz: 2600, Current Mhz: 2600, Mhz Limit: 2600
Processor Information for processor 6
  Max Mhz: 2600, Current Mhz: 2600, Mhz Limit: 2600
Processor Information for processor 7
  Max Mhz: 2600, Current Mhz: 2600, Mhz Limit: 2600
Processor Information for processor 8
  Max Mhz: 2600, Current Mhz: 2600, Mhz Limit: 2600
Processor Information for processor 9
  Max Mhz: 2600, Current Mhz: 2600, Mhz Limit: 2600
Processor Information for processor 10
  Max Mhz: 2600, Current Mhz: 2600, Mhz Limit: 2600
Processor Information for processor 11
  Max Mhz: 2600, Current Mhz: 2600, Mhz Limit: 2600
Processor Information for processor 12
  Max Mhz: 2600, Current Mhz: 1900, Mhz Limit: 1898
Processor Information for processor 13
  Max Mhz: 2600, Current Mhz: 1900, Mhz Limit: 1898
Processor Information for processor 14
  Max Mhz: 2600, Current Mhz: 1900, Mhz Limit: 1898
Processor Information for processor 15
  Max Mhz: 2600, Current Mhz: 1900, Mhz Limit: 1898
Processor Information for processor 16
  Max Mhz: 2600, Current Mhz: 1900, Mhz Limit: 1898
Processor Information for processor 17
  Max Mhz: 2600, Current Mhz: 1900, Mhz Limit: 1898
Processor Information for processor 18
  Max Mhz: 2600, Current Mhz: 1900, Mhz Limit: 1898
Processor Information for processor 19
  Max Mhz: 2600, Current Mhz: 1900, Mhz Limit: 1898

Memory: 4k page, system-wide physical 16048M (243M free)
TotalPageFile size 24240M (AvailPageFile size 8M)
current process WorkingSet (physical memory assigned to process): 327M, peak: 721M
current process commit charge ("private bytes"): 821M, peak: 835M

vm_info: OpenJDK 64-Bit Server VM (21.0.11+10-LTS) for windows-amd64 JRE (21.0.11+10-LTS), built on 2026-04-21T00:00:00Z by "admin" with MS VC++ 17.12 (VS2022)

END.
